Component: ARM Compiler 5.06 update 6 (build 750) Tool: armlink [4d35ed]

==============================================================================

Section Cross References

    startup_stm32f407xx.o(RESET) refers to startup_stm32f407xx.o(STACK) for __initial_sp
    startup_stm32f407xx.o(RESET) refers to startup_stm32f407xx.o(.text) for Reset_Handler
    startup_stm32f407xx.o(RESET) refers to stm32f4xx_it.o(i.NMI_Handler) for NMI_Handler
    startup_stm32f407xx.o(RESET) refers to stm32f4xx_it.o(i.HardFault_Handler) for HardFault_Handler
    startup_stm32f407xx.o(RESET) refers to stm32f4xx_it.o(i.MemManage_Handler) for MemManage_Handler
    startup_stm32f407xx.o(RESET) refers to stm32f4xx_it.o(i.BusFault_Handler) for BusFault_Handler
    startup_stm32f407xx.o(RESET) refers to stm32f4xx_it.o(i.UsageFault_Handler) for UsageFault_Handler
    startup_stm32f407xx.o(RESET) refers to stm32f4xx_it.o(i.SVC_Handler) for SVC_Handler
    startup_stm32f407xx.o(RESET) refers to stm32f4xx_it.o(i.DebugMon_Handler) for DebugMon_Handler
    startup_stm32f407xx.o(RESET) refers to stm32f4xx_it.o(i.PendSV_Handler) for PendSV_Handler
    startup_stm32f407xx.o(RESET) refers to stm32f4xx_it.o(i.SysTick_Handler) for SysTick_Handler
    startup_stm32f407xx.o(RESET) refers to stm32f4xx_it.o(i.DMA1_Stream5_IRQHandler) for DMA1_Stream5_IRQHandler
    startup_stm32f407xx.o(RESET) refers to stm32f4xx_it.o(i.SPI2_IRQHandler) for SPI2_IRQHandler
    startup_stm32f407xx.o(.text) refers to system_stm32f4xx.o(i.SystemInit) for SystemInit
    startup_stm32f407xx.o(.text) refers to entry.o(.ARM.Collect$$$$00000000) for __main
    cs43l22.o(i.CS43_Enable_RightLeft) refers to cs43l22.o(i.write_register) for write_register
    cs43l22.o(i.CS43_Enable_RightLeft) refers to cs43l22.o(.data) for .data
    cs43l22.o(i.CS43_Init) refers to stm32f4xx_hal_gpio.o(i.HAL_GPIO_WritePin) for HAL_GPIO_WritePin
    cs43l22.o(i.CS43_Init) refers to memcpya.o(.text) for __aeabi_memcpy4
    cs43l22.o(i.CS43_Init) refers to cs43l22.o(i.write_register) for write_register
    cs43l22.o(i.CS43_Init) refers to cs43l22.o(i.read_register) for read_register
    cs43l22.o(i.CS43_Init) refers to main.o(.bss) for hi2s3
    cs43l22.o(i.CS43_Init) refers to cs43l22.o(.bss) for .bss
    cs43l22.o(i.CS43_Init) refers to cs43l22.o(.data) for .data
    cs43l22.o(i.CS43_SetVolume) refers to cs43l22.o(i.write_register) for write_register
    cs43l22.o(i.CS43_SetVolume) refers to cs43l22.o(.data) for .data
    cs43l22.o(i.CS43_Start) refers to cs43l22.o(i.write_register) for write_register
    cs43l22.o(i.CS43_Start) refers to cs43l22.o(i.read_register) for read_register
    cs43l22.o(i.CS43_Start) refers to cs43l22.o(.data) for .data
    cs43l22.o(i.CS43_Stop) refers to cs43l22.o(i.write_register) for write_register
    cs43l22.o(i.CS43_Stop) refers to cs43l22.o(.data) for .data
    cs43l22.o(i.read_register) refers to stm32f4xx_hal_i2c.o(i.HAL_I2C_Master_Transmit) for HAL_I2C_Master_Transmit
    cs43l22.o(i.read_register) refers to stm32f4xx_hal_i2c.o(i.HAL_I2C_Master_Receive) for HAL_I2C_Master_Receive
    cs43l22.o(i.read_register) refers to cs43l22.o(.data) for .data
    cs43l22.o(i.read_register) refers to cs43l22.o(.bss) for .bss
    cs43l22.o(i.write_register) refers to stm32f4xx_hal_i2c.o(i.HAL_I2C_Master_Transmit) for HAL_I2C_Master_Transmit
    cs43l22.o(i.write_register) refers to cs43l22.o(.data) for .data
    cs43l22.o(i.write_register) refers to cs43l22.o(.bss) for .bss
    main.o(i.HAL_I2S_RxCpltCallback) refers to stm32f4xx_hal_i2s.o(i.HAL_I2S_Receive_IT) for HAL_I2S_Receive_IT
    main.o(i.HAL_I2S_RxCpltCallback) refers to main.o(.data) for .data
    main.o(i.HAL_I2S_RxCpltCallback) refers to main.o(.bss) for .bss
    main.o(i.HAL_I2S_RxHalfCpltCallback) refers to main.o(.data) for .data
    main.o(i.MX_GPIO_Init) refers to memseta.o(.text) for __aeabi_memclr4
    main.o(i.MX_GPIO_Init) refers to stm32f4xx_hal_gpio.o(i.HAL_GPIO_WritePin) for HAL_GPIO_WritePin
    main.o(i.MX_GPIO_Init) refers to stm32f4xx_hal_gpio.o(i.HAL_GPIO_Init) for HAL_GPIO_Init
    main.o(i.SystemClock_Config) refers to memseta.o(.text) for __aeabi_memclr4
    main.o(i.SystemClock_Config) refers to stm32f4xx_hal_rcc.o(i.HAL_RCC_OscConfig) for HAL_RCC_OscConfig
    main.o(i.SystemClock_Config) refers to stm32f4xx_hal_rcc.o(i.HAL_RCC_ClockConfig) for HAL_RCC_ClockConfig
    main.o(i.SystemClock_Config) refers to stm32f4xx_hal_rcc_ex.o(i.HAL_RCCEx_PeriphCLKConfig) for HAL_RCCEx_PeriphCLKConfig
    main.o(i.main) refers to stm32f4xx_hal.o(i.HAL_Init) for HAL_Init
    main.o(i.main) refers to main.o(i.SystemClock_Config) for SystemClock_Config
    main.o(i.main) refers to main.o(i.MX_GPIO_Init) for MX_GPIO_Init
    main.o(i.main) refers to stm32f4xx_hal_cortex.o(i.HAL_NVIC_SetPriority) for HAL_NVIC_SetPriority
    main.o(i.main) refers to stm32f4xx_hal_cortex.o(i.HAL_NVIC_EnableIRQ) for HAL_NVIC_EnableIRQ
    main.o(i.main) refers to stm32f4xx_hal_crc.o(i.HAL_CRC_Init) for HAL_CRC_Init
[...]
    Removing stm32f4xx_hal_flash_ex.o(.rev16_text), (4 bytes).
    Removing stm32f4xx_hal_flash_ex.o(.revsh_text), (4 bytes).
    Removing stm32f4xx_hal_flash_ex.o(.rrx_text), (6 bytes).
    Removing stm32f4xx_hal_flash_ex.o(i.FLASH_Erase_Sector), (80 bytes).
    Removing stm32f4xx_hal_flash_ex.o(i.FLASH_FlushCaches), (84 bytes).
    Removing stm32f4xx_hal_flash_ex.o(i.FLASH_MassErase), (40 bytes).
    Removing stm32f4xx_hal_flash_ex.o(i.HAL_FLASHEx_Erase), (152 bytes).
    Removing stm32f4xx_hal_flash_ex.o(i.HAL_FLASHEx_Erase_IT), (104 bytes).
    Removing stm32f4xx_hal_flash_ex.o(i.HAL_FLASHEx_OBGetConfig), (64 bytes).
    Removing stm32f4xx_hal_flash_ex.o(i.HAL_FLASHEx_OBProgram), (204 bytes).
    Removing stm32f4xx_hal_flash_ramfunc.o(.rev16_text), (4 bytes).
    Removing stm32f4xx_hal_flash_ramfunc.o(.revsh_text), (4 bytes).
    Removing stm32f4xx_hal_flash_ramfunc.o(.rrx_text), (6 bytes).
    Removing stm32f4xx_hal_gpio.o(.rev16_text), (4 bytes).
    Removing stm32f4xx_hal_gpio.o(.revsh_text), (4 bytes).
    Removing stm32f4xx_hal_gpio.o(.rrx_text), (6 bytes).
    Removing stm32f4xx_hal_gpio.o(i.HAL_GPIO_DeInit), (360 bytes).
    Removing stm32f4xx_hal_gpio.o(i.HAL_GPIO_EXTI_Callback), (2 bytes).
    Removing stm32f4xx_hal_gpio.o(i.HAL_GPIO_EXTI_IRQHandler), (24 bytes).
    Removing stm32f4xx_hal_gpio.o(i.HAL_GPIO_LockPin), (34 bytes).
    Removing stm32f4xx_hal_gpio.o(i.HAL_GPIO_ReadPin), (10 bytes).
    Removing stm32f4xx_hal_gpio.o(i.HAL_GPIO_TogglePin), (14 bytes).
    Removing stm32f4xx_hal_dma_ex.o(.rev16_text), (4 bytes).
    Removing stm32f4xx_hal_dma_ex.o(.revsh_text), (4 bytes).
    Removing stm32f4xx_hal_dma_ex.o(.rrx_text), (6 bytes).
    Removing stm32f4xx_hal_dma_ex.o(i.DMA_MultiBufferSetConfig), (30 bytes).
    Removing stm32f4xx_hal_dma_ex.o(i.HAL_DMAEx_ChangeMemory), (14 bytes).
    Removing stm32f4xx_hal_dma_ex.o(i.HAL_DMAEx_MultiBufferStart), (100 bytes).
    Removing stm32f4xx_hal_dma_ex.o(i.HAL_DMAEx_MultiBufferStart_IT), (2432 bytes).
    Removing stm32f4xx_hal_dma.o(.rev16_text), (4 bytes).
    Removing stm32f4xx_hal_dma.o(.revsh_text), (4 bytes).
    Removing stm32f4xx_hal_dma.o(.rrx_text), (6 bytes).
    Removing stm32f4xx_hal_dma.o(i.HAL_DMA_Abort), (142 bytes).
    Removing stm32f4xx_hal_dma.o(i.HAL_DMA_Abort_IT), (36 bytes).
    Removing stm32f4xx_hal_dma.o(i.HAL_DMA_DeInit), (98 bytes).
    Removing stm32f4xx_hal_dma.o(i.HAL_DMA_GetError), (4 bytes).
    Removing stm32f4xx_hal_dma.o(i.HAL_DMA_GetState), (6 bytes).
    Removing stm32f4xx_hal_dma.o(i.HAL_DMA_PollForTransfer), (292 bytes).
    Removing stm32f4xx_hal_dma.o(i.HAL_DMA_RegisterCallback), (80 bytes).
    Removing stm32f4xx_hal_dma.o(i.HAL_DMA_Start), (70 bytes).
    Removing stm32f4xx_hal_dma.o(i.HAL_DMA_UnRegisterCallback), (96 bytes).
    Removing stm32f4xx_hal_pwr.o(.rev16_text), (4 bytes).
    Removing stm32f4xx_hal_pwr.o(.revsh_text), (4 bytes).
    Removing stm32f4xx_hal_pwr.o(.rrx_text), (6 bytes).
    Removing stm32f4xx_hal_pwr.o(i.HAL_PWR_ConfigPVD), (124 bytes).
    Removing stm32f4xx_hal_pwr.o(i.HAL_PWR_DeInit), (24 bytes).
    Removing stm32f4xx_hal_pwr.o(i.HAL_PWR_DisableBkUpAccess), (12 bytes).
    Removing stm32f4xx_hal_pwr.o(i.HAL_PWR_DisablePVD), (12 bytes).
    Removing stm32f4xx_hal_pwr.o(i.HAL_PWR_DisableSEVOnPend), (16 bytes).
    Removing stm32f4xx_hal_pwr.o(i.HAL_PWR_DisableSleepOnExit), (16 bytes).
    Removing stm32f4xx_hal_pwr.o(i.HAL_PWR_DisableWakeUpPin), (16 bytes).
    Removing stm32f4xx_hal_pwr.o(i.HAL_PWR_EnableBkUpAccess), (12 bytes).
    Removing stm32f4xx_hal_pwr.o(i.HAL_PWR_EnablePVD), (12 bytes).
    Removing stm32f4xx_hal_pwr.o(i.HAL_PWR_EnableSEVOnPend), (16 bytes).
    Removing stm32f4xx_hal_pwr.o(i.HAL_PWR_EnableSleepOnExit), (16 bytes).
    Removing stm32f4xx_hal_pwr.o(i.HAL_PWR_EnableWakeUpPin), (16 bytes).
    Removing stm32f4xx_hal_pwr.o(i.HAL_PWR_EnterSLEEPMode), (32 bytes).
    Removing stm32f4xx_hal_pwr.o(i.HAL_PWR_EnterSTANDBYMode), (32 bytes).
    Removing stm32f4xx_hal_pwr.o(i.HAL_PWR_EnterSTOPMode), (56 bytes).
    Removing stm32f4xx_hal_pwr.o(i.HAL_PWR_PVDCallback), (2 bytes).
    Removing stm32f4xx_hal_pwr.o(i.HAL_PWR_PVD_IRQHandler), (28 bytes).
    Removing stm32f4xx_hal_pwr_ex.o(.rev16_text), (4 bytes).
    Removing stm32f4xx_hal_pwr_ex.o(.revsh_text), (4 bytes).
    Removing stm32f4xx_hal_pwr_ex.o(.rrx_text), (6 bytes).
    Removing stm32f4xx_hal_pwr_ex.o(i.HAL_PWREx_ControlVoltageScaling), (88 bytes).
    Removing stm32f4xx_hal_pwr_ex.o(i.HAL_PWREx_DisableBkUpReg), (60 bytes).
    Removing stm32f4xx_hal_pwr_ex.o(i.HAL_PWREx_DisableFlashPowerDown), (12 bytes).
    Removing stm32f4xx_hal_pwr_ex.o(i.HAL_PWREx_EnableBkUpReg), (60 bytes).
    Removing stm32f4xx_hal_pwr_ex.o(i.HAL_PWREx_EnableFlashPowerDown), (12 bytes).
    Removing stm32f4xx_hal_pwr_ex.o(i.HAL_PWREx_GetVoltageRange), (16 bytes).
    Removing stm32f4xx_hal_cortex.o(.rev16_text), (4 bytes).
    Removing stm32f4xx_hal_cortex.o(.revsh_text), (4 bytes).
    Removing stm32f4xx_hal_cortex.o(.rrx_text), (6 bytes).
    Removing stm32f4xx_hal_cortex.o(i.HAL_MPU_ConfigRegion), (84 bytes).
    Removing stm32f4xx_hal_cortex.o(i.HAL_MPU_Disable), (28 bytes).
    Removing stm32f4xx_hal_cortex.o(i.HAL_MPU_Enable), (36 bytes).
    Removing stm32f4xx_hal_cortex.o(i.HAL_NVIC_ClearPendingIRQ), (26 bytes).
    Removing stm32f4xx_hal_cortex.o(i.HAL_NVIC_DisableIRQ), (34 bytes).
    Removing stm32f4xx_hal_cortex.o(i.HAL_NVIC_GetActive), (36 bytes).
    Removing stm32f4xx_hal_cortex.o(i.HAL_NVIC_GetPendingIRQ), (36 bytes).
    Removing stm32f4xx_hal_cortex.o(i.HAL_NVIC_GetPriority), (82 bytes).
    Removing stm32f4xx_hal_cortex.o(i.HAL_NVIC_GetPriorityGrouping), (16 bytes).
    Removing stm32f4xx_hal_cortex.o(i.HAL_NVIC_SetPendingIRQ), (26 bytes).
    Removing stm32f4xx_hal_cortex.o(i.HAL_NVIC_SystemReset), (36 bytes).
    Removing stm32f4xx_hal_cortex.o(i.HAL_SYSTICK_CLKSourceConfig), (24 bytes).
    Removing stm32f4xx_hal_cortex.o(i.HAL_SYSTICK_Callback), (2 bytes).
    Removing stm32f4xx_hal_cortex.o(i.HAL_SYSTICK_IRQHandler), (8 bytes).
    Removing stm32f4xx_hal.o(.rev16_text), (4 bytes).
    Removing stm32f4xx_hal.o(.revsh_text), (4 bytes).
    Removing stm32f4xx_hal.o(.rrx_text), (6 bytes).
    Removing stm32f4xx_hal.o(i.HAL_DBGMCU_DisableDBGSleepMode), (16 bytes).
    Removing stm32f4xx_hal.o(i.HAL_DBGMCU_DisableDBGStandbyMode), (16 bytes).
    Removing stm32f4xx_hal.o(i.HAL_DBGMCU_DisableDBGStopMode), (16 bytes).
    Removing stm32f4xx_hal.o(i.HAL_DBGMCU_EnableDBGSleepMode), (16 bytes).
    Removing stm32f4xx_hal.o(i.HAL_DBGMCU_EnableDBGStandbyMode), (16 bytes).
    Removing stm32f4xx_hal.o(i.HAL_DBGMCU_EnableDBGStopMode), (16 bytes).
    Removing stm32f4xx_hal.o(i.HAL_DeInit), (52 bytes).
    Removing stm32f4xx_hal.o(i.HAL_Delay), (36 bytes).
    Removing stm32f4xx_hal.o(i.HAL_DisableCompensationCell), (12 bytes).
    Removing stm32f4xx_hal.o(i.HAL_EnableCompensationCell), (12 bytes).
    Removing stm32f4xx_hal.o(i.HAL_GetDEVID), (16 bytes).
    Removing stm32f4xx_hal.o(i.HAL_GetHalVersion), (8 bytes).
    Removing stm32f4xx_hal.o(i.HAL_GetREVID), (12 bytes).
    Removing stm32f4xx_hal.o(i.HAL_GetTickFreq), (12 bytes).
    Removing stm32f4xx_hal.o(i.HAL_GetTickPrio), (12 bytes).
    Removing stm32f4xx_hal.o(i.HAL_GetUIDw0), (12 bytes).
    Removing stm32f4xx_hal.o(i.HAL_GetUIDw1), (12 bytes).
    Removing stm32f4xx_hal.o(i.HAL_GetUIDw2), (12 bytes).
    Removing stm32f4xx_hal.o(i.HAL_MspDeInit), (2 bytes).
    Removing stm32f4xx_hal.o(i.HAL_MspInit), (2 bytes).
    Removing stm32f4xx_hal.o(i.HAL_ResumeTick), (14 bytes).
    Removing stm32f4xx_hal.o(i.HAL_SetTickFreq), (36 bytes).
    Removing stm32f4xx_hal.o(i.HAL_SuspendTick), (14 bytes).
    Removing stm32f4xx_hal_exti.o(.rev16_text), (4 bytes).
    Removing stm32f4xx_hal_exti.o(.revsh_text), (4 bytes).
    Removing stm32f4xx_hal_exti.o(.rrx_text), (6 bytes).
    Removing stm32f4xx_hal_exti.o(i.HAL_EXTI_ClearConfigLine), (108 bytes).
    Removing stm32f4xx_hal_exti.o(i.HAL_EXTI_ClearPending), (20 bytes).
    Removing stm32f4xx_hal_exti.o(i.HAL_EXTI_GenerateSWI), (20 bytes).
    Removing stm32f4xx_hal_exti.o(i.HAL_EXTI_GetConfigLine), (156 bytes).
    Removing stm32f4xx_hal_exti.o(i.HAL_EXTI_GetHandle), (12 bytes).
    Removing stm32f4xx_hal_exti.o(i.HAL_EXTI_GetPending), (24 bytes).
    Removing stm32f4xx_hal_exti.o(i.HAL_EXTI_IRQHandler), (36 bytes).
    Removing stm32f4xx_hal_exti.o(i.HAL_EXTI_RegisterCallback), (14 bytes).
    Removing stm32f4xx_hal_exti.o(i.HAL_EXTI_SetConfigLine), (168 bytes).
    Removing stm32f4xx_hal_i2c.o(.rev16_text), (4 bytes).
    Removing stm32f4xx_hal_i2c.o(.revsh_text), (4 bytes).
    Removing stm32f4xx_hal_i2c.o(.rrx_text), (6 bytes).
    Removing stm32f4xx_hal_i2c.o(i.HAL_I2C_AbortCpltCallback), (2 bytes).
    Removing stm32f4xx_hal_i2c.o(i.HAL_I2C_AddrCallback), (2 bytes).
    Removing stm32f4xx_hal_i2c.o(i.HAL_I2C_DeInit), (50 bytes).
    Removing stm32f4xx_hal_i2c.o(i.HAL_I2C_DisableListen_IT), (68 bytes).
    Removing stm32f4xx_hal_i2c.o(i.HAL_I2C_ER_IRQHandler), (186 bytes).
    Removing stm32f4xx_hal_i2c.o(i.HAL_I2C_EV_IRQHandler), (614 bytes).
    Removing stm32f4xx_hal_i2c.o(i.HAL_I2C_EnableListen_IT), (58 bytes).
    Removing stm32f4xx_hal_i2c.o(i.HAL_I2C_ErrorCallback), (2 bytes).
    Removing stm32f4xx_hal_i2c.o(i.HAL_I2C_GetError), (4 bytes).
    Removing stm32f4xx_hal_i2c.o(i.HAL_I2C_GetMode), (6 bytes).
    Removing stm32f4xx_hal_i2c.o(i.HAL_I2C_GetState), (6 bytes).
    Removing stm32f4xx_hal_i2c.o(i.HAL_I2C_IsDeviceReady), (364 bytes).
    Removing stm32f4xx_hal_i2c.o(i.HAL_I2C_ListenCpltCallback), (2 bytes).
    Removing stm32f4xx_hal_i2c.o(i.HAL_I2C_MasterRxCpltCallback), (2 bytes).
    Removing stm32f4xx_hal_i2c.o(i.HAL_I2C_MasterTxCpltCallback), (2 bytes).
    Removing stm32f4xx_hal_i2c.o(i.HAL_I2C_Master_Abort_IT), (94 bytes).
    Removing stm32f4xx_hal_i2c.o(i.HAL_I2C_Master_Receive_DMA), (332 bytes).
    Removing stm32f4xx_hal_i2c.o(i.HAL_I2C_Master_Receive_IT), (200 bytes).
    Removing stm32f4xx_hal_i2c.o(i.HAL_I2C_Master_Seq_Receive_DMA), (488 bytes).
    Removing stm32f4xx_hal_i2c.o(i.HAL_I2C_Master_Seq_Receive_IT), (324 bytes).
    Removing stm32f4xx_hal_i2c.o(i.HAL_I2C_Master_Seq_Transmit_DMA), (436 bytes).
    Removing stm32f4xx_hal_i2c.o(i.HAL_I2C_Master_Seq_Transmit_IT), (216 bytes).
    Removing stm32f4xx_hal_i2c.o(i.HAL_I2C_Master_Transmit_DMA), (332 bytes).
    Removing stm32f4xx_hal_i2c.o(i.HAL_I2C_Master_Transmit_IT), (188 bytes).
    Removing stm32f4xx_hal_i2c.o(i.HAL_I2C_MemRxCpltCallback), (2 bytes).
    Removing stm32f4xx_hal_i2c.o(i.HAL_I2C_MemTxCpltCallback), (2 bytes).
    Removing stm32f4xx_hal_i2c.o(i.HAL_I2C_Mem_Read), (504 bytes).
    Removing stm32f4xx_hal_i2c.o(i.HAL_I2C_Mem_Read_DMA), (440 bytes).
    Removing stm32f4xx_hal_i2c.o(i.HAL_I2C_Mem_Read_IT), (224 bytes).
    Removing stm32f4xx_hal_i2c.o(i.HAL_I2C_Mem_Write), (304 bytes).
    Removing stm32f4xx_hal_i2c.o(i.HAL_I2C_Mem_Write_DMA), (384 bytes).
    Removing stm32f4xx_hal_i2c.o(i.HAL_I2C_Mem_Write_IT), (212 bytes).
    Removing stm32f4xx_hal_i2c.o(i.HAL_I2C_MspDeInit), (2 bytes).
    Removing stm32f4xx_hal_i2c.o(i.HAL_I2C_MspInit), (2 bytes).
    Removing stm32f4xx_hal_i2c.o(i.HAL_I2C_SlaveRxCpltCallback), (2 bytes).
    Removing stm32f4xx_hal_i2c.o(i.HAL_I2C_SlaveTxCpltCallback), (2 bytes).
    Removing stm32f4xx_hal_i2c.o(i.HAL_I2C_Slave_Receive), (364 bytes).
    Removing stm32f4xx_hal_i2c.o(i.HAL_I2C_Slave_Receive_DMA), (212 bytes).
    Removing stm32f4xx_hal_i2c.o(i.HAL_I2C_Slave_Receive_IT), (124 bytes).
    Removing stm32f4xx_hal_i2c.o(i.HAL_I2C_Slave_Seq_Receive_DMA), (328 bytes).
    Removing stm32f4xx_hal_i2c.o(i.HAL_I2C_Slave_Seq_Receive_IT), (116 bytes).
    Removing stm32f4xx_hal_i2c.o(i.HAL_I2C_Slave_Seq_Transmit_DMA), (328 bytes).
    Removing stm32f4xx_hal_i2c.o(i.HAL_I2C_Slave_Seq_Transmit_IT), (116 bytes).
    Removing stm32f4xx_hal_i2c.o(i.HAL_I2C_Slave_Transmit), (348 bytes).
    Removing stm32f4xx_hal_i2c.o(i.HAL_I2C_Slave_Transmit_DMA), (212 bytes).
    Removing stm32f4xx_hal_i2c.o(i.HAL_I2C_Slave_Transmit_IT), (124 bytes).
    Removing stm32f4xx_hal_i2c.o(i.I2C_DMAAbort), (188 bytes).
    Removing stm32f4xx_hal_i2c.o(i.I2C_DMAError), (64 bytes).
    Removing stm32f4xx_hal_i2c.o(i.I2C_DMAXferCplt), (266 bytes).
    Removing stm32f4xx_hal_i2c.o(i.I2C_ITError), (344 bytes).
    Removing stm32f4xx_hal_i2c.o(i.I2C_MasterReceive_BTF), (210 bytes).
    Removing stm32f4xx_hal_i2c.o(i.I2C_MasterReceive_RXNE), (232 bytes).
    Removing stm32f4xx_hal_i2c.o(i.I2C_MasterTransmit_BTF), (116 bytes).
    Removing stm32f4xx_hal_i2c.o(i.I2C_MasterTransmit_TXE), (182 bytes).
    Removing stm32f4xx_hal_i2c.o(i.I2C_Master_ADDR), (280 bytes).
    Removing stm32f4xx_hal_i2c.o(i.I2C_Master_SB), (140 bytes).
    Removing stm32f4xx_hal_i2c.o(i.I2C_MemoryTransmit_TXE_BTF), (160 bytes).
    Removing stm32f4xx_hal_i2c.o(i.I2C_RequestMemoryRead), (252 bytes).
    Removing stm32f4xx_hal_i2c.o(i.I2C_RequestMemoryWrite), (168 bytes).
    Removing stm32f4xx_hal_i2c.o(i.I2C_Slave_AF), (132 bytes).
    Removing stm32f4xx_hal_i2c.o(i.I2C_Slave_STOPF), (348 bytes).
    Removing stm32f4xx_hal_i2c_ex.o(.rev16_text), (4 bytes).
    Removing stm32f4xx_hal_i2c_ex.o(.revsh_text), (4 bytes).
    Removing stm32f4xx_hal_i2c_ex.o(.rrx_text), (6 bytes).
    Removing stm32f4xx_hal_i2s.o(.rev16_text), (4 bytes).
    Removing stm32f4xx_hal_i2s.o(.revsh_text), (4 bytes).
    Removing stm32f4xx_hal_i2s.o(.rrx_text), (6 bytes).
    Removing stm32f4xx_hal_i2s.o(i.HAL_I2S_DMAPause), (128 bytes).
    Removing stm32f4xx_hal_i2s.o(i.HAL_I2S_DMAResume), (188 bytes).
    Removing stm32f4xx_hal_i2s.o(i.HAL_I2S_DMAStop), (576 bytes).
    Removing stm32f4xx_hal_i2s.o(i.HAL_I2S_DeInit), (46 bytes).
    Removing stm32f4xx_hal_i2s.o(i.HAL_I2S_GetError), (4 bytes).
    Removing stm32f4xx_hal_i2s.o(i.HAL_I2S_GetState), (6 bytes).
    Removing stm32f4xx_hal_i2s.o(i.HAL_I2S_MspDeInit), (2 bytes).
    Removing stm32f4xx_hal_i2s.o(i.HAL_I2S_MspInit), (2 bytes).
    Removing stm32f4xx_hal_i2s.o(i.HAL_I2S_Receive), (218 bytes).
    Removing stm32f4xx_hal_i2s.o(i.HAL_I2S_Receive_DMA), (212 bytes).
    Removing stm32f4xx_hal_i2s.o(i.HAL_I2S_RxCpltCallback), (2 bytes).
    Removing stm32f4xx_hal_i2s.o(i.HAL_I2S_RxHalfCpltCallback), (2 bytes).
    Removing stm32f4xx_hal_i2s.o(i.HAL_I2S_Transmit), (244 bytes).
    Removing stm32f4xx_hal_i2s.o(i.HAL_I2S_Transmit_IT), (118 bytes).
    Removing stm32f4xx_hal_i2s.o(i.I2S_DMARxCplt), (36 bytes).
    Removing stm32f4xx_hal_i2s.o(i.I2S_DMARxHalfCplt), (10 bytes).
    Removing stm32f4xx_hal_i2s.o(i.I2S_WaitFlagStateUntilTimeout), (78 bytes).
    Removing stm32f4xx_hal_i2s_ex.o(.rev16_text), (4 bytes).
    Removing stm32f4xx_hal_i2s_ex.o(.revsh_text), (4 bytes).
    Removing stm32f4xx_hal_i2s_ex.o(.rrx_text), (6 bytes).
    Removing stm32f4xx_hal_i2s_ex.o(i.HAL_I2SEx_TransmitReceive), (696 bytes).
    Removing stm32f4xx_hal_i2s_ex.o(i.HAL_I2SEx_TransmitReceive_DMA), (416 bytes).
    Removing stm32f4xx_hal_i2s_ex.o(i.HAL_I2SEx_TransmitReceive_IT), (344 bytes).
    Removing stm32f4xx_hal_i2s_ex.o(i.HAL_I2SEx_TxRxHalfCpltCallback), (2 bytes).
    Removing stm32f4xx_hal_i2s_ex.o(i.I2SEx_FullDuplexWaitFlagStateUntilTimeout), (156 bytes).
    Removing stm32f4xx_hal_i2s_ex.o(i.I2SEx_TxRxDMACplt), (200 bytes).
    Removing stm32f4xx_hal_i2s_ex.o(i.I2SEx_TxRxDMAError), (84 bytes).
    Removing stm32f4xx_hal_i2s_ex.o(i.I2SEx_TxRxDMAHalfCplt), (10 bytes).
    Removing stm32f4xx_hal_tim.o(.rev16_text), (4 bytes).
    Removing stm32f4xx_hal_tim.o(.revsh_text), (4 bytes).
    Removing stm32f4xx_hal_tim.o(.rrx_text), (6 bytes).
    Removing stm32f4xx_hal_tim_ex.o(.rev16_text), (4 bytes).
    Removing stm32f4xx_hal_tim_ex.o(.revsh_text), (4 bytes).
    Removing stm32f4xx_hal_tim_ex.o(.rrx_text), (6 bytes).
    Removing system_stm32f4xx.o(.rev16_text), (4 bytes).
    Removing system_stm32f4xx.o(.revsh_text), (4 bytes).
    Removing system_stm32f4xx.o(.rrx_text), (6 bytes).
    Removing system_stm32f4xx.o(i.SystemCoreClockUpdate), (120 bytes).
    Removing pdm_filter.o(.revsh_text), (4 bytes).
    Removing pdm_filter.o(.rrx_text), (6 bytes).
    Removing pdm_filter.o(i.PDM_Filter_getConfig), (36 bytes).

308 unused section(s) (total 25250 bytes) removed from the image.

==============================================================================

Image Symbol Table

    Local Symbols

    Symbol Name                              Value     Ov Type        Size  Object(Section)

    ../Core/Src/main.c                       0x00000000   Number         0  main.o ABSOLUTE
    ../Core/Src/stm32f4xx_hal_msp.c          0x00000000   Number         0  stm32f4xx_hal_msp.o ABSOLUTE
    ../Core/Src/stm32f4xx_it.c               0x00000000   Number         0  stm32f4xx_it.o ABSOLUTE
    ../Core/Src/system_stm32f4xx.c           0x00000000   Number         0  system_stm32f4xx.o ABSOLUTE
    ../Drivers/STM32F4xx_HAL_Driver/Src/stm32f4xx_hal.c 0x00000000   Number         0  stm32f4xx_hal.o ABSOLUTE
    ../Drivers/STM32F4xx_HAL_Driver/Src/stm32f4xx_hal_cortex.c 0x00000000   Number         0  stm32f4xx_hal_cortex.o ABSOLUTE
    ../Drivers/STM32F4xx_HAL_Driver/Src/stm32f4xx_hal_crc.c 0x00000000   Number         0  stm32f4xx_hal_crc.o ABSOLUTE
    ../Drivers/STM32F4xx_HAL_Driver/Src/stm32f4xx_hal_dma.c 0x00000000   Number         0  stm32f4xx_hal_dma.o ABSOLUTE
    ../Drivers/STM32F4xx_HAL_Driver/Src/stm32f4xx_hal_dma_ex.c 0x00000000   Number         0  stm32f4xx_hal_dma_ex.o ABSOLUTE
    ../Drivers/STM32F4xx_HAL_Driver/Src/stm32f4xx_hal_exti.c 0x00000000   Number         0  stm32f4xx_hal_exti.o ABSOLUTE
    ../Drivers/STM32F4xx_HAL_Driver/Src/stm32f4xx_hal_flash.c 0x00000000   Number         0  stm32f4xx_hal_flash.o ABSOLUTE
    ../Drivers/STM32F4xx_HAL_Driver/Src/stm32f4xx_hal_flash_ex.c 0x00000000   Number         0  stm32f4xx_hal_flash_ex.o ABSOLUTE
    ../Drivers/STM32F4xx_HAL_Driver/Src/stm32f4xx_hal_flash_ramfunc.c 0x00000000   Number         0  stm32f4xx_hal_flash_ramfunc.o ABSOLUTE
    ../Drivers/STM32F4xx_HAL_Driver/Src/stm32f4xx_hal_gpio.c 0x00000000   Number         0  stm32f4xx_hal_gpio.o ABSOLUTE
    ../Drivers/STM32F4xx_HAL_Driver/Src/stm32f4xx_hal_i2c.c 0x00000000   Number         0  stm32f4xx_hal_i2c.o ABSOLUTE
    ../Drivers/STM32F4xx_HAL_Driver/Src/stm32f4xx_hal_i2c_ex.c 0x00000000   Number         0  stm32f4xx_hal_i2c_ex.o ABSOLUTE
    ../Drivers/STM32F4xx_HAL_Driver/Src/stm32f4xx_hal_i2s.c 0x00000000   Number         0  stm32f4xx_hal_i2s.o ABSOLUTE
    ../Drivers/STM32F4xx_HAL_Driver/Src/stm32f4xx_hal_i2s_ex.c 0x00000000   Number         0  stm32f4xx_hal_i2s_ex.o ABSOLUTE
    ../Drivers/STM32F4xx_HAL_Driver/Src/stm32f4xx_hal_pwr.c 0x00000000   Number         0  stm32f4xx_hal_pwr.o ABSOLUTE
    ../Drivers/STM32F4xx_HAL_Driver/Src/stm32f4xx_hal_pwr_ex.c 0x00000000   Number         0  stm32f4xx_hal_pwr_ex.o ABSOLUTE
    ../Drivers/STM32F4xx_HAL_Driver/Src/stm32f4xx_hal_rcc.c 0x00000000   Number         0  stm32f4xx_hal_rcc.o ABSOLUTE
    ../Drivers/STM32F4xx_HAL_Driver/Src/stm32f4xx_hal_rcc_ex.c 0x00000000   Number         0  stm32f4xx_hal_rcc_ex.o ABSOLUTE
    ../Drivers/STM32F4xx_HAL_Driver/Src/stm32f4xx_hal_tim.c 0x00000000   Number         0  stm32f4xx_hal_tim.o ABSOLUTE
    ../Drivers/STM32F4xx_HAL_Driver/Src/stm32f4xx_hal_tim_ex.c 0x00000000   Number         0  stm32f4xx_hal_tim_ex.o ABSOLUTE
    ../PDM2PCM/App/pdm2pcm.c                 0x00000000   Number         0  pdm2pcm.o ABSOLUTE
    ../clib/../cmprslib/lz77c.c              0x00000000   Number         0  __dclz77c.o ABSOLUTE
    ../clib/microlib/division.c              0x00000000   Number         0  uldiv.o ABSOLUTE
    ../clib/microlib/errno.c                 0x00000000   Number         0  errno.o ABSOLUTE
    ../clib/microlib/init/entry.s            0x00000000   Number         0  entry9b.o ABSOLUTE
    ../clib/microlib/init/entry.s            0x00000000   Number         0  entry.o ABSOLUTE
    ../clib/microlib/init/entry.s            0x00000000   Number         0  entry8a.o ABSOLUTE
    ../clib/microlib/init/entry.s            0x00000000   Number         0  entry10a.o ABSOLUTE
    ../clib/microlib/init/entry.s            0x00000000   Number         0  entry10b.o ABSOLUTE
    ../clib/microlib/init/entry.s            0x00000000   Number         0  entry11a.o ABSOLUTE
    ../clib/microlib/init/entry.s            0x00000000   Number         0  entry8b.o ABSOLUTE
    ../clib/microlib/init/entry.s            0x00000000   Number         0  entry11b.o ABSOLUTE
    ../clib/microlib/init/entry.s            0x00000000   Number         0  entry7a.o ABSOLUTE
    ../clib/microlib/init/entry.s            0x00000000   Number         0  entry7b.o ABSOLUTE
    ../clib/microlib/init/entry.s            0x00000000   Number         0  entry5.o ABSOLUTE
    ../clib/microlib/init/entry.s            0x00000000   Number         0  entry2.o ABSOLUTE
    ../clib/microlib/init/entry.s            0x00000000   Number         0  entry9a.o ABSOLUTE
    ../clib/microlib/longlong.c              0x00000000   Number         0  llshl.o ABSOLUTE
    ../clib/microlib/longlong.c              0x00000000   Number         0  llushr.o ABSOLUTE
    ../clib/microlib/string/memcpy.c         0x00000000   Number         0  memcpya.o ABSOLUTE
    ../clib/microlib/string/memcpy.c         0x00000000   Number         0  memcpyb.o ABSOLUTE
    ../clib/microlib/string/memset.c         0x00000000   Number         0  memseta.o ABSOLUTE
    ../clib/microlib/stubs.s                 0x00000000   Number         0  iusefp.o ABSOLUTE
    ../fplib/microlib/fpepilogue.c           0x00000000   Number         0  fepilogue.o ABSOLUTE
    ../fplib/microlib/fprnd.c                0x00000000   Number         0  frnd.o ABSOLUTE
    ../fplib/microlib/fpstat.c               0x00000000   Number         0  fpstat.o ABSOLUTE
    ../mathlib/fpclassifyf.c                 0x00000000   Number         0  fpclassifyf.o ABSOLUTE
    ../mathlib/funder.c                      0x00000000   Number         0  funder.o ABSOLUTE
    ../mathlib/powf.c                        0x00000000   Number         0  powf.o ABSOLUTE
    ../mathlib/powf.c                        0x00000000   Number         0  powf_x.o ABSOLUTE
    ../mathlib/round.c                       0x00000000   Number         0  roundf.o ABSOLUTE
    ..\..\..\Common\lib_common\src\stm32_crc_lock.c 0x00000000   Number         0  stm32_crc_lock.o ABSOLUTE
    ..\Core\Src\cs43l22.c                    0x00000000   Number         0  cs43l22.o ABSOLUTE
    ..\Core\Src\main.c                       0x00000000   Number         0  main.o ABSOLUTE
    ..\Core\Src\stm32f4xx_hal_msp.c          0x00000000   Number         0  stm32f4xx_hal_msp.o ABSOLUTE
    ..\Core\Src\stm32f4xx_it.c               0x00000000   Number         0  stm32f4xx_it.o ABSOLUTE
    ..\Core\Src\system_stm32f4xx.c           0x00000000   Number         0  system_stm32f4xx.o ABSOLUTE
    ..\Drivers\STM32F4xx_HAL_Driver\Src\stm32f4xx_hal.c 0x00000000   Number         0  stm32f4xx_hal.o ABSOLUTE
    ..\Drivers\STM32F4xx_HAL_Driver\Src\stm32f4xx_hal_cortex.c 0x00000000   Number         0  stm32f4xx_hal_cortex.o ABSOLUTE
    ..\Drivers\STM32F4xx_HAL_Driver\Src\stm32f4xx_hal_crc.c 0x00000000   Number         0  stm32f4xx_hal_crc.o ABSOLUTE
    ..\Drivers\STM32F4xx_HAL_Driver\Src\stm32f4xx_hal_dma.c 0x00000000   Number         0  stm32f4xx_hal_dma.o ABSOLUTE
    ..\Drivers\STM32F4xx_HAL_Driver\Src\stm32f4xx_hal_dma_ex.c 0x00000000   Number         0  stm32f4xx_hal_dma_ex.o ABSOLUTE
    ..\Drivers\STM32F4xx_HAL_Driver\Src\stm32f4xx_hal_exti.c 0x00000000   Number         0  stm32f4xx_hal_exti.o ABSOLUTE
    ..\Drivers\STM32F4xx_HAL_Driver\Src\stm32f4xx_hal_flash.c 0x00000000   Number         0  stm32f4xx_hal_flash.o ABSOLUTE
    ..\Drivers\STM32F4xx_HAL_Driver\Src\stm32f4xx_hal_flash_ex.c 0x00000000   Number         0  stm32f4xx_hal_flash_ex.o ABSOLUTE
    ..\Drivers\STM32F4xx_HAL_Driver\Src\stm32f4xx_hal_flash_ramfunc.c 0x00000000   Number         0  stm32f4xx_hal_flash_ramfunc.o ABSOLUTE
    ..\Drivers\STM32F4xx_HAL_Driver\Src\stm32f4xx_hal_gpio.c 0x00000000   Number         0  stm32f4xx_hal_gpio.o ABSOLUTE
    ..\Drivers\STM32F4xx_HAL_Driver\Src\stm32f4xx_hal_i2c.c 0x00000000   Number         0  stm32f4xx_hal_i2c.o ABSOLUTE
    ..\Drivers\STM32F4xx_HAL_Driver\Src\stm32f4xx_hal_i2c_ex.c 0x00000000   Number         0  stm32f4xx_hal_i2c_ex.o ABSOLUTE
    ..\Drivers\STM32F4xx_HAL_Driver\Src\stm32f4xx_hal_i2s.c 0x00000000   Number         0  stm32f4xx_hal_i2s.o ABSOLUTE
    ..\Drivers\STM32F4xx_HAL_Driver\Src\stm32f4xx_hal_i2s_ex.c 0x00000000   Number         0  stm32f4xx_hal_i2s_ex.o ABSOLUTE
    ..\Drivers\STM32F4xx_HAL_Driver\Src\stm32f4xx_hal_pwr.c 0x00000000   Number         0  stm32f4xx_hal_pwr.o ABSOLUTE
    ..\Drivers\STM32F4xx_HAL_Driver\Src\stm32f4xx_hal_pwr_ex.c 0x00000000   Number         0  stm32f4xx_hal_pwr_ex.o ABSOLUTE
    ..\Drivers\STM32F4xx_HAL_Driver\Src\stm32f4xx_hal_rcc.c 0x00000000   Number         0  stm32f4xx_hal_rcc.o ABSOLUTE
    ..\Drivers\STM32F4xx_HAL_Driver\Src\stm32f4xx_hal_rcc_ex.c 0x00000000   Number         0  stm32f4xx_hal_rcc_ex.o ABSOLUTE
    ..\Drivers\STM32F4xx_HAL_Driver\Src\stm32f4xx_hal_tim.c 0x00000000   Number         0  stm32f4xx_hal_tim.o ABSOLUTE
    ..\Drivers\STM32F4xx_HAL_Driver\Src\stm32f4xx_hal_tim_ex.c 0x00000000   Number         0  stm32f4xx_hal_tim_ex.o ABSOLUTE
    ..\PDM2PCM\App\pdm2pcm.c                 0x00000000   Number         0  pdm2pcm.o ABSOLUTE
    ..\\Core\\Src\\cs43l22.c                 0x00000000   Number         0  cs43l22.o ABSOLUTE
    ..\\src\\pdm_filter.c                    0x00000000   Number         0  pdm_filter.o ABSOLUTE
    ..\src\pdm_filter.c                      0x00000000   Number         0  pdm_filter.o ABSOLUTE
    dc.s                                     0x00000000   Number         0  dc.o ABSOLUTE
    handlers.s                               0x00000000   Number         0  handlers.o ABSOLUTE
    init.s                                   0x00000000   Number         0  init.o ABSOLUTE
    startup_stm32f407xx.s                    0x00000000   Number         0  startup_stm32f407xx.o ABSOLUTE
    RESET                                    0x08000000   Section      392  startup_stm32f407xx.o(RESET)
    .ARM.Collect$$$$00000000                 0x08000188   Section        0  entry.o(.ARM.Collect$$$$00000000)
    .ARM.Collect$$$$00000001                 0x08000188   Section        4  entry2.o(.ARM.Collect$$$$00000001)
    .ARM.Collect$$$$00000004                 0x0800018c   Section        4  entry5.o(.ARM.Collect$$$$00000004)
    .ARM.Collect$$$$00000008                 0x08000190   Section        0  entry7b.o(.ARM.Collect$$$$00000008)
    .ARM.Collect$$$$0000000A                 0x08000190   Section        0  entry8b.o(.ARM.Collect$$$$0000000A)
    .ARM.Collect$$$$0000000B                 0x08000190   Section        8  entry9a.o(.ARM.Collect$$$$0000000B)
    .ARM.Collect$$$$0000000D                 0x08000198   Section        0  entry10a.o(.ARM.Collect$$$$0000000D)
    .ARM.Collect$$$$0000000F                 0x08000198   Section        0  entry11a.o(.ARM.Collect$$$$0000000F)
    .ARM.Collect$$$$00002712                 0x08000198   Section        4  entry2.o(.ARM.Collect$$$$00002712)
    __lit__00000000                          0x08000198   Data           4  entry2.o(.ARM.Collect$$$$00002712)
    .rev16_text                              0x0800019c   Section        4  pdm_filter.o(.rev16_text)
    $v0                                      0x0800019c   Number         0  pdm_filter.o(.rev16_text)
    .text                                    0x080001a0   Section       36  startup_stm32f407xx.o(.text)
    $v0                                      0x080001a0   Number         0  startup_stm32f407xx.o(.text)
    .text                                    0x080001c4   Section        0  uldiv.o(.text)
    .text                                    0x08000226   Section        0  memcpya.o(.text)
    .text                                    0x0800024a   Section        0  memseta.o(.text)
    .text                                    0x0800026e   Section        0  llshl.o(.text)
    .text                                    0x0800028c   Section        0  llushr.o(.text)
    .text                                    0x080002ac   Section        0  iusefp.o(.text)
    .text                                    0x080002ac   Section        0  frnd.o(.text)
    .text                                    0x080002e8   Section        0  fpstat.o(.text)
    .text                                    0x080002ec   Section       36  init.o(.text)
    .text                                    0x08000310   Section        0  fepilogue.o(.text)
    .text                                    0x0800037e   Section        0  __dclz77c.o(.text)
    i.BusFault_Handler                       0x080003dc   Section        0  stm32f4xx_it.o(i.BusFault_Handler)
    i.CRC_Lock                               0x080003e0   Section        0  stm32_crc_lock.o(i.CRC_Lock)
    i.CS43_Enable_RightLeft                  0x0800044c   Section        0  cs43l22.o(i.CS43_Enable_RightLeft)
    i.CS43_Init                              0x08000484   Section        0  cs43l22.o(i.CS43_Init)
    i.CS43_SetVolume                         0x080005e0   Section        0  cs43l22.o(i.CS43_SetVolume)
    i.CS43_Start                             0x08000630   Section        0  cs43l22.o(i.CS43_Start)
    i.D128_1CH_HTONS_VOL_HP                  0x0800069c   Section        0  pdm_filter.o(i.D128_1CH_HTONS_VOL_HP)
    D128_1CH_HTONS_VOL_HP                    0x0800069d   Thumb Code   844  pdm_filter.o(i.D128_1CH_HTONS_VOL_HP)
    i.D128_GENERIC                           0x08000a40   Section        0  pdm_filter.o(i.D128_GENERIC)
    D128_GENERIC                             0x08000a41   Thumb Code  1036  pdm_filter.o(i.D128_GENERIC)
    i.D16_1CH_HTONS_VOL_HP                   0x08000ea4   Section        0  pdm_filter.o(i.D16_1CH_HTONS_VOL_HP)
    D16_1CH_HTONS_VOL_HP                     0x08000ea5   Thumb Code   214  pdm_filter.o(i.D16_1CH_HTONS_VOL_HP)
    i.D16_GENERIC                            0x08000f88   Section        0  pdm_filter.o(i.D16_GENERIC)
    D16_GENERIC                              0x08000f89   Thumb Code   260  pdm_filter.o(i.D16_GENERIC)
    i.D24_1CH_HTONS_VOL_HP                   0x08001098   Section        0  pdm_filter.o(i.D24_1CH_HTONS_VOL_HP)
    D24_1CH_HTONS_VOL_HP                     0x08001099   Thumb Code   310  pdm_filter.o(i.D24_1CH_HTONS_VOL_HP)
    i.D24_GENERIC                            0x080011dc   Section        0  pdm_filter.o(i.D24_GENERIC)
    D24_GENERIC                              0x080011dd   Thumb Code   374  pdm_filter.o(i.D24_GENERIC)
    i.D32_1CH_HTONS_VOL_HP                   0x08001360   Section        0  pdm_filter.o(i.D32_1CH_HTONS_VOL_HP)
    D32_1CH_HTONS_VOL_HP                     0x08001361   Thumb Code   310  pdm_filter.o(i.D32_1CH_HTONS_VOL_HP)
    i.D32_GENERIC                            0x080014ac   Section        0  pdm_filter.o(i.D32_GENERIC)
    D32_GENERIC                              0x080014ad   Thumb Code   370  pdm_filter.o(i.D32_GENERIC)
    i.D48_1CH_HTONS_VOL_HP                   0x08001634   Section        0  pdm_filter.o(i.D48_1CH_HTONS_VOL_HP)
    D48_1CH_HTONS_VOL_HP                     0x08001635   Thumb Code   428  pdm_filter.o(i.D48_1CH_HTONS_VOL_HP)
    i.D48_GENERIC                            0x080017fc   Section        0  pdm_filter.o(i.D48_GENERIC)
    D48_GENERIC                              0x080017fd   Thumb Code   510  pdm_filter.o(i.D48_GENERIC)
    i.D64_1CH_HTONS_VOL_HP                   0x08001a18   Section        0  pdm_filter.o(i.D64_1CH_HTONS_VOL_HP)
    D64_1CH_HTONS_VOL_HP                     0x08001a19   Thumb Code   510  pdm_filter.o(i.D64_1CH_HTONS_VOL_HP)
    i.D64_GENERIC                            0x08001c3c   Section        0  pdm_filter.o(i.D64_GENERIC)
    D64_GENERIC                              0x08001c3d   Thumb Code   560  pdm_filter.o(i.D64_GENERIC)
    i.D80_1CH_HTONS_VOL_HP                   0x08001e90   Section        0  pdm_filter.o(i.D80_1CH_HTONS_VOL_HP)
    D80_1CH_HTONS_VOL_HP                     0x08001e91   Thumb Code   610  pdm_filter.o(i.D80_1CH_HTONS_VOL_HP)
    i.D80_GENERIC                            0x08002128   Section        0  pdm_filter.o(i.D80_GENERIC)
    D80_GENERIC                              0x08002129   Thumb Code   746  pdm_filter.o(i.D80_GENERIC)
    i.DMA1_Stream5_IRQHandler                0x08002448   Section        0  stm32f4xx_it.o(i.DMA1_Stream5_IRQHandler)
    i.DMA_CalcBaseAndBitshift                0x08002454   Section        0  stm32f4xx_hal_dma.o(i.DMA_CalcBaseAndBitshift)
    DMA_CalcBaseAndBitshift                  0x08002455   Thumb Code    34  stm32f4xx_hal_dma.o(i.DMA_CalcBaseAndBitshift)
    i.DMA_CheckFifoParam                     0x0800247c   Section        0  stm32f4xx_hal_dma.o(i.DMA_CheckFifoParam)
    DMA_CheckFifoParam                       0x0800247d   Thumb Code    84  stm32f4xx_hal_dma.o(i.DMA_CheckFifoParam)
    i.DMA_SetConfig                          0x080024d0   Section        0  stm32f4xx_hal_dma.o(i.DMA_SetConfig)
    DMA_SetConfig                            0x080024d1   Thumb Code    40  stm32f4xx_hal_dma.o(i.DMA_SetConfig)
    i.DebugMon_Handler                       0x080024f8   Section        0  stm32f4xx_it.o(i.DebugMon_Handler)
    i.Error_Handler                          0x080024fa   Section        0  main.o(i.Error_Handler)
    i.HAL_CRC_Init                           0x080024fc   Section        0  stm32f4xx_hal_crc.o(i.HAL_CRC_Init)
    i.HAL_CRC_MspInit                        0x08002520   Section        0  stm32f4xx_hal_msp.o(i.HAL_CRC_MspInit)
    i.HAL_DMA_IRQHandler                     0x08002548   Section        0  stm32f4xx_hal_dma.o(i.HAL_DMA_IRQHandler)
    i.HAL_DMA_Init                           0x080026e8   Section        0  stm32f4xx_hal_dma.o(i.HAL_DMA_Init)
    i.HAL_DMA_Start_IT                       0x080027bc   Section        0  stm32f4xx_hal_dma.o(i.HAL_DMA_Start_IT)
    i.HAL_GPIO_Init                          0x0800282c   Section        0  stm32f4xx_hal_gpio.o(i.HAL_GPIO_Init)
    i.HAL_GPIO_WritePin                      0x080029e4   Section        0  stm32f4xx_hal_gpio.o(i.HAL_GPIO_WritePin)
    i.HAL_GetTick                            0x080029f0   Section        0  stm32f4xx_hal.o(i.HAL_GetTick)
    i.HAL_I2C_Init                           0x080029fc   Section        0  stm32f4xx_hal_i2c.o(i.HAL_I2C_Init)
    i.HAL_I2C_Master_Receive                 0x08002b84   Section        0  stm32f4xx_hal_i2c.o(i.HAL_I2C_Master_Receive)
    i.HAL_I2C_Master_Transmit                0x08002d64   Section        0  stm32f4xx_hal_i2c.o(i.HAL_I2C_Master_Transmit)
    i.HAL_I2C_MspInit                        0x08002e90   Section        0  stm32f4xx_hal_msp.o(i.HAL_I2C_MspInit)
    i.HAL_I2SEx_FullDuplex_IRQHandler        0x08002efc   Section        0  stm32f4xx_hal_i2s_ex.o(i.HAL_I2SEx_FullDuplex_IRQHandler)
    i.HAL_I2SEx_TxRxCpltCallback             0x080030f0   Section        0  stm32f4xx_hal_i2s_ex.o(i.HAL_I2SEx_TxRxCpltCallback)
    i.HAL_I2S_ErrorCallback                  0x080030f2   Section        0  stm32f4xx_hal_i2s.o(i.HAL_I2S_ErrorCallback)
    i.HAL_I2S_IRQHandler                     0x080030f4   Section        0  stm32f4xx_hal_i2s.o(i.HAL_I2S_IRQHandler)
    i.HAL_I2S_Init                           0x080030f8   Section        0  stm32f4xx_hal_i2s.o(i.HAL_I2S_Init)
    i.HAL_I2S_MspInit                        0x0800326c   Section        0  stm32f4xx_hal_msp.o(i.HAL_I2S_MspInit)
    i.HAL_I2S_Receive_IT                     0x080033b0   Section        0  stm32f4xx_hal_i2s.o(i.HAL_I2S_Receive_IT)
    i.HAL_I2S_RxCpltCallback                 0x08003428   Section        0  main.o(i.HAL_I2S_RxCpltCallback)
    i.HAL_I2S_Transmit_DMA                   0x08003444   Section        0  stm32f4xx_hal_i2s.o(i.HAL_I2S_Transmit_DMA)
    i.HAL_I2S_TxCpltCallback                 0x08003504   Section        0  stm32f4xx_hal_i2s.o(i.HAL_I2S_TxCpltCallback)
    i.HAL_I2S_TxHalfCpltCallback             0x08003506   Section        0  stm32f4xx_hal_i2s.o(i.HAL_I2S_TxHalfCpltCallback)
    i.HAL_IncTick                            0x08003508   Section        0  stm32f4xx_hal.o(i.HAL_IncTick)
    i.HAL_Init                               0x08003518   Section        0  stm32f4xx_hal.o(i.HAL_Init)
    i.HAL_InitTick                           0x0800354c   Section        0  stm32f4xx_hal.o(i.HAL_InitTick)
    i.HAL_MspInit                            0x0800358c   Section        0  stm32f4xx_hal_msp.o(i.HAL_MspInit)
    i.HAL_NVIC_EnableIRQ                     0x080035bc   Section        0  stm32f4xx_hal_cortex.o(i.HAL_NVIC_EnableIRQ)
    i.HAL_NVIC_SetPriority                   0x080035d8   Section        0  stm32f4xx_hal_cortex.o(i.HAL_NVIC_SetPriority)
    i.HAL_NVIC_SetPriorityGrouping           0x08003618   Section        0  stm32f4xx_hal_cortex.o(i.HAL_NVIC_SetPriorityGrouping)
    i.HAL_RCCEx_GetPeriphCLKFreq             0x0800363c   Section        0  stm32f4xx_hal_rcc_ex.o(i.HAL_RCCEx_GetPeriphCLKFreq)
    i.HAL_RCCEx_PeriphCLKConfig              0x08003698   Section        0  stm32f4xx_hal_rcc_ex.o(i.HAL_RCCEx_PeriphCLKConfig)
    i.HAL_RCC_ClockConfig                    0x080037d4   Section        0  stm32f4xx_hal_rcc.o(i.HAL_RCC_ClockConfig)
    i.HAL_RCC_GetPCLK1Freq                   0x08003908   Section        0  stm32f4xx_hal_rcc.o(i.HAL_RCC_GetPCLK1Freq)
    i.HAL_RCC_GetSysClockFreq                0x08003928   Section        0  stm32f4xx_hal_rcc.o(i.HAL_RCC_GetSysClockFreq)
    i.HAL_RCC_OscConfig                      0x08003988   Section        0  stm32f4xx_hal_rcc.o(i.HAL_RCC_OscConfig)
    i.HAL_SYSTICK_Config                     0x08003ce4   Section        0  stm32f4xx_hal_cortex.o(i.HAL_SYSTICK_Config)
    i.HardFault_Handler                      0x08003d0c   Section        0  stm32f4xx_it.o(i.HardFault_Handler)
    i.I2C_IsAcknowledgeFailed                0x08003d0e   Section        0  stm32f4xx_hal_i2c.o(i.I2C_IsAcknowledgeFailed)
    I2C_IsAcknowledgeFailed                  0x08003d0f   Thumb Code    46  stm32f4xx_hal_i2c.o(i.I2C_IsAcknowledgeFailed)
    i.I2C_MasterRequestRead                  0x08003d3c   Section        0  stm32f4xx_hal_i2c.o(i.I2C_MasterRequestRead)
    I2C_MasterRequestRead                    0x08003d3d   Thumb Code   230  stm32f4xx_hal_i2c.o(i.I2C_MasterRequestRead)
    i.I2C_MasterRequestWrite                 0x08003e28   Section        0  stm32f4xx_hal_i2c.o(i.I2C_MasterRequestWrite)
    I2C_MasterRequestWrite                   0x08003e29   Thumb Code   150  stm32f4xx_hal_i2c.o(i.I2C_MasterRequestWrite)
    i.I2C_WaitOnBTFFlagUntilTimeout          0x08003ec4   Section        0  stm32f4xx_hal_i2c.o(i.I2C_WaitOnBTFFlagUntilTimeout)
    I2C_WaitOnBTFFlagUntilTimeout            0x08003ec5   Thumb Code    76  stm32f4xx_hal_i2c.o(i.I2C_WaitOnBTFFlagUntilTimeout)
    i.I2C_WaitOnFlagUntilTimeout             0x08003f10   Section        0  stm32f4xx_hal_i2c.o(i.I2C_WaitOnFlagUntilTimeout)
    I2C_WaitOnFlagUntilTimeout               0x08003f11   Thumb Code   104  stm32f4xx_hal_i2c.o(i.I2C_WaitOnFlagUntilTimeout)
    i.I2C_WaitOnMasterAddressFlagUntilTimeout 0x08003f78   Section        0  stm32f4xx_hal_i2c.o(i.I2C_WaitOnMasterAddressFlagUntilTimeout)
    I2C_WaitOnMasterAddressFlagUntilTimeout  0x08003f79   Thumb Code   150  stm32f4xx_hal_i2c.o(i.I2C_WaitOnMasterAddressFlagUntilTimeout)
    i.I2C_WaitOnRXNEFlagUntilTimeout         0x0800400e   Section        0  stm32f4xx_hal_i2c.o(i.I2C_WaitOnRXNEFlagUntilTimeout)
    I2C_WaitOnRXNEFlagUntilTimeout           0x0800400f   Thumb Code   102  stm32f4xx_hal_i2c.o(i.I2C_WaitOnRXNEFlagUntilTimeout)
    i.I2C_WaitOnTXEFlagUntilTimeout          0x08004074   Section        0  stm32f4xx_hal_i2c.o(i.I2C_WaitOnTXEFlagUntilTimeout)
    I2C_WaitOnTXEFlagUntilTimeout            0x08004075   Thumb Code    76  stm32f4xx_hal_i2c.o(i.I2C_WaitOnTXEFlagUntilTimeout)
    i.I2SEx_RxISR_I2SExt                     0x080040c0   Section        0  stm32f4xx_hal_i2s_ex.o(i.I2SEx_RxISR_I2SExt)
    I2SEx_RxISR_I2SExt                       0x080040c1   Thumb Code    88  stm32f4xx_hal_i2s_ex.o(i.I2SEx_RxISR_I2SExt)
    i.I2SEx_TxISR_I2SExt                     0x08004120   Section        0  stm32f4xx_hal_i2s_ex.o(i.I2SEx_TxISR_I2SExt)
    I2SEx_TxISR_I2SExt                       0x08004121   Thumb Code    88  stm32f4xx_hal_i2s_ex.o(i.I2SEx_TxISR_I2SExt)
    i.I2S_DMAError                           0x08004180   Section        0  stm32f4xx_hal_i2s.o(i.I2S_DMAError)
    I2S_DMAError                             0x08004181   Thumb Code    40  stm32f4xx_hal_i2s.o(i.I2S_DMAError)
    i.I2S_DMATxCplt                          0x080041a8   Section        0  stm32f4xx_hal_i2s.o(i.I2S_DMATxCplt)
    I2S_DMATxCplt                            0x080041a9   Thumb Code    36  stm32f4xx_hal_i2s.o(i.I2S_DMATxCplt)
    i.I2S_DMATxHalfCplt                      0x080041cc   Section        0  stm32f4xx_hal_i2s.o(i.I2S_DMATxHalfCplt)
    I2S_DMATxHalfCplt                        0x080041cd   Thumb Code    10  stm32f4xx_hal_i2s.o(i.I2S_DMATxHalfCplt)
    i.I2S_IRQHandler                         0x080041d6   Section        0  stm32f4xx_hal_i2s.o(i.I2S_IRQHandler)
    I2S_IRQHandler                           0x080041d7   Thumb Code   242  stm32f4xx_hal_i2s.o(i.I2S_IRQHandler)
    i.MX_GPIO_Init                           0x080042c8   Section        0  main.o(i.MX_GPIO_Init)
    MX_GPIO_Init                             0x080042c9   Thumb Code   132  main.o(i.MX_GPIO_Init)
    i.MX_PDM2PCM_Init                        0x08004354   Section        0  pdm2pcm.o(i.MX_PDM2PCM_Init)
    i.MemManage_Handler                      0x08004394   Section        0  stm32f4xx_it.o(i.MemManage_Handler)
    i.NMI_Handler                            0x08004396   Section        0  stm32f4xx_it.o(i.NMI_Handler)
    i.PDM_Filter                             0x08004398   Section        0  pdm_filter.o(i.PDM_Filter)
    i.PDM_Filter_Init                        0x080043c4   Section        0  pdm_filter.o(i.PDM_Filter_Init)
    i.PDM_Filter_setConfig                   0x080044f0   Section        0  pdm_filter.o(i.PDM_Filter_setConfig)
    i.PendSV_Handler                         0x08004700   Section        0  stm32f4xx_it.o(i.PendSV_Handler)
    i.SPI2_IRQHandler                        0x08004704   Section        0  stm32f4xx_it.o(i.SPI2_IRQHandler)
    i.SVC_Handler                            0x08004710   Section        0  stm32f4xx_it.o(i.SVC_Handler)
    i.SysTick_Handler                        0x08004712   Section        0  stm32f4xx_it.o(i.SysTick_Handler)
    i.SystemClock_Config                     0x08004718   Section        0  main.o(i.SystemClock_Config)
    i.SystemInit                             0x080047b0   Section        0  system_stm32f4xx.o(i.SystemInit)
    i.UsageFault_Handler                     0x080047cc   Section        0  stm32f4xx_it.o(i.UsageFault_Handler)
    i.__ARM_fpclassifyf                      0x080047ce   Section        0  fpclassifyf.o(i.__ARM_fpclassifyf)
    i.__NVIC_SetPriority                     0x080047f4   Section        0  stm32f4xx_hal_cortex.o(i.__NVIC_SetPriority)
    __NVIC_SetPriority                       0x080047f5   Thumb Code    32  stm32f4xx_hal_cortex.o(i.__NVIC_SetPriority)
    i.__hardfp_powf                          0x08004814   Section        0  powf.o(i.__hardfp_powf)
    i.__hardfp_roundf                        0x08004e78   Section        0  roundf.o(i.__hardfp_roundf)
    i.__mathlib_flt_divzero                  0x08004f14   Section        0  funder.o(i.__mathlib_flt_divzero)
    i.__mathlib_flt_infnan2                  0x08004f28   Section        0  funder.o(i.__mathlib_flt_infnan2)
    i.__mathlib_flt_invalid                  0x08004f30   Section        0  funder.o(i.__mathlib_flt_invalid)
    i.__mathlib_flt_overflow                 0x08004f40   Section        0  funder.o(i.__mathlib_flt_overflow)
    i.__mathlib_flt_underflow                0x08004f50   Section        0  funder.o(i.__mathlib_flt_underflow)
    i.__scatterload_copy                     0x08004f60   Section       14  handlers.o(i.__scatterload_copy)
    i.__scatterload_null                     0x08004f6e   Section        2  handlers.o(i.__scatterload_null)
    i.__scatterload_zeroinit                 0x08004f70   Section       14  handlers.o(i.__scatterload_zeroinit)
    i.__set_errno                            0x08004f80   Section        0  errno.o(i.__set_errno)
    i.main                                   0x08004f8c   Section        0  main.o(i.main)
    i.read_register                          0x08005128   Section        0  cs43l22.o(i.read_register)
    read_register                            0x08005129   Thumb Code    40  cs43l22.o(i.read_register)
    i.write_register                         0x08005158   Section        0  cs43l22.o(i.write_register)
    write_register                           0x08005159   Thumb Code    26  cs43l22.o(i.write_register)
    .constdata                               0x0800517c   Section        8  stm32f4xx_hal_dma.o(.constdata)
    flagBitshiftOffset                       0x0800517c   Data           8  stm32f4xx_hal_dma.o(.constdata)
    .constdata                               0x08005184   Section       16  system_stm32f4xx.o(.constdata)
    .constdata                               0x08005194   Section        8  system_stm32f4xx.o(.constdata)
    .constdata                               0x0800519c   Section      320  powf.o(.constdata)
    table                                    0x0800519c   Data         128  powf.o(.constdata)
    powersof2to1over16top                    0x0800521c   Data          64  powf.o(.constdata)
    powersof2to1over16bot                    0x0800525c   Data          64  powf.o(.constdata)
    powersof2to1over16all                    0x0800529c   Data          64  powf.o(.constdata)
    .data                                    0x20000000   Section        2  cs43l22.o(.data)
    iData                                    0x20000000   Data           2  cs43l22.o(.data)
    .data                                    0x20000004   Section       12  main.o(.data)
    .data                                    0x20000010   Section        6  pdm2pcm.o(.data)
    .data                                    0x20000018   Section       12  stm32f4xx_hal.o(.data)
    .data                                    0x20000024   Section        4  system_stm32f4xx.o(.data)
    .data                                    0x20000028   Section     1028  pdm_filter.o(.data)
    LT_Initialization                        0x20000028   Data           1  pdm_filter.o(.data)
    T_0_1_2                                  0x2000002c   Data        1024  pdm_filter.o(.data)
    .data                                    0x2000042c   Section        4  errno.o(.data)
    _errno                                   0x2000042c   Data           4  errno.o(.data)
    .bss                                     0x20000430   Section       84  cs43l22.o(.bss)
    i2cx                                     0x20000430   Data          84  cs43l22.o(.bss)
    .bss                                     0x20000484   Section      340  main.o(.bss)
    .bss                                     0x200005d8   Section       96  main.o(.bss)
    .bss                                     0x20000638   Section       76  pdm2pcm.o(.bss)
    STACK                                    0x20000688   Section     1024  startup_stm32f407xx.o(STACK)

    Global Symbols

    Symbol Name                              Value     Ov Type        Size  Object(Section)

    BuildAttributes$$THM_ISAv4$E$P$D$K$B$S$7EM$VFPi3$EXTD16$VFPS$VFMA$PE$A:L22UL41UL21$X:L11$S22US41US21$IEEE1$IW$USESV6$~STKCKD$USESV7$~SHL$OTIME$ROPI$IEEEX$EBA8$MICROLIB$REQ8$PRES8$EABIv2 0x00000000   Number         0  anon$$obj.o ABSOLUTE
    __ARM_use_no_argv                        0x00000000   Number         0  main.o ABSOLUTE
    __cpp_initialize__aeabi_                  - Undefined Weak Reference
    __cxa_finalize                            - Undefined Weak Reference
    _clock_init                               - Undefined Weak Reference
    _microlib_exit                            - Undefined Weak Reference
    __Vectors_Size                           0x00000188   Number         0  startup_stm32f407xx.o ABSOLUTE
    __Vectors                                0x08000000   Data           4  startup_stm32f407xx.o(RESET)
    __Vectors_End                            0x08000188   Data           0  startup_stm32f407xx.o(RESET)
    __main                                   0x08000189   Thumb Code     0  entry.o(.ARM.Collect$$$$00000000)
    _main_stk                                0x08000189   Thumb Code     0  entry2.o(.ARM.Collect$$$$00000001)
    _main_scatterload                        0x0800018d   Thumb Code     0  entry5.o(.ARM.Collect$$$$00000004)
    __main_after_scatterload                 0x08000191   Thumb Code     0  entry5.o(.ARM.Collect$$$$00000004)
    _main_clock                              0x08000191   Thumb Code     0  entry7b.o(.ARM.Collect$$$$00000008)
    _main_cpp_init                           0x08000191   Thumb Code     0  entry8b.o(.ARM.Collect$$$$0000000A)
    _main_init                               0x08000191   Thumb Code     0  entry9a.o(.ARM.Collect$$$$0000000B)
    __rt_final_cpp                           0x08000199   Thumb Code     0  entry10a.o(.ARM.Collect$$$$0000000D)
    __rt_final_exit                          0x08000199   Thumb Code     0  entry11a.o(.ARM.Collect$$$$0000000F)
    __asm___12_pdm_filter_c_5676b99f____REV16 0x0800019d   Thumb Code     4  pdm_filter.o(.rev16_text)
    Reset_Handler                            0x080001a1   Thumb Code     8  startup_stm32f407xx.o(.text)
    ADC_IRQHandler                           0x080001bb   Thumb Code     0  startup_stm32f407xx.o(.text)
    CAN1_RX0_IRQHandler                      0x080001bb   Thumb Code     0  startup_stm32f407xx.o(.text)
    CAN1_RX1_IRQHandler                      0x080001bb   Thumb Code     0  startup_stm32f407xx.o(.text)
    CAN1_SCE_IRQHandler                      0x080001bb   Thumb Code     0  startup_stm32f407xx.o(.text)
    CAN1_TX_IRQHandler                       0x080001bb   Thumb Code     0  startup_stm32f407xx.o(.text)
    CAN2_RX0_IRQHandler                      0x080001bb   Thumb Code     0  startup_stm32f407xx.o(.text)
    CAN2_RX1_IRQHandler                      0x080001bb   Thumb Code     0  startup_stm32f407xx.o(.text)
    CAN2_SCE_IRQHandler                      0x080001bb   Thumb Code     0  startup_stm32f407xx.o(.text)
    CAN2_TX_IRQHandler                       0x080001bb   Thumb Code     0  startup_stm32f407xx.o(.text)
    DCMI_IRQHandler                          0x080001bb   Thumb Code     0  startup_stm32f407xx.o(.text)
    DMA1_Stream0_IRQHandler                  0x080001bb   Thumb Code     0  startup_stm32f407xx.o(.text)
    DMA1_Stream1_IRQHandler                  0x080001bb   Thumb Code     0  startup_stm32f407xx.o(.text)
    DMA1_Stream2_IRQHandler                  0x080001bb   Thumb Code     0  startup_stm32f407xx.o(.text)
    DMA1_Stream3_IRQHandler                  0x080001bb   Thumb Code     0  startup_stm32f407xx.o(.text)
    DMA1_Stream4_IRQHandler                  0x080001bb   Thumb Code     0  startup_stm32f407xx.o(.text)
    DMA1_Stream6_IRQHandler                  0x080001bb   Thumb Code     0  startup_stm32f407xx.o(.text)
    DMA1_Stream7_IRQHandler                  0x080001bb   Thumb Code     0  startup_stm32f407xx.o(.text)
    DMA2_Stream0_IRQHandler                  0x080001bb   Thumb Code     0  startup_stm32f407xx.o(.text)
    DMA2_Stream1_IRQHandler                  0x080001bb   Thumb Code     0  startup_stm32f407xx.o(.text)
    DMA2_Stream2_IRQHandler                  0x080001bb   Thumb Code     0  startup_stm32f407xx.o(.text)
    DMA2_Stream3_IRQHandler                  0x080001bb   Thumb Code     0  startup_stm32f407xx.o(.text)
    DMA2_Stream4_IRQHandler                  0x080001bb   Thumb Code     0  startup_stm32f407xx.o(.text)
    DMA2_Stream5_IRQHandler                  0x080001bb   Thumb Code     0  startup_stm32f407xx.o(.text)
    DMA2_Stream6_IRQHandler                  0x080001bb   Thumb Code     0  startup_stm32f407xx.o(.text)
    DMA2_Stream7_IRQHandler                  0x080001bb   Thumb Code     0  startup_stm32f407xx.o(.text)
    ETH_IRQHandler                           0x080001bb   Thumb Code     0  startup_stm32f407xx.o(.text)
    ETH_WKUP_IRQHandler                      0x080001bb   Thumb Code     0  startup_stm32f407xx.o(.text)
    EXTI0_IRQHandler                         0x080001bb   Thumb Code     0  startup_stm32f407xx.o(.text)
    EXTI15_10_IRQHandler                     0x080001bb   Thumb Code     0  startup_stm32f407xx.o(.text)
    EXTI1_IRQHandler                         0x080001bb   Thumb Code     0  startup_stm32f407xx.o(.text)
    EXTI2_IRQHandler                         0x080001bb   Thumb Code     0  startup_stm32f407xx.o(.text)
    EXTI3_IRQHandler                         0x080001bb   Thumb Code     0  startup_stm32f407xx.o(.text)
    EXTI4_IRQHandler                         0x080001bb   Thumb Code     0  startup_stm32f407xx.o(.text)
    EXTI9_5_IRQHandler                       0x080001bb   Thumb Code     0  startup_stm32f407xx.o(.text)
    FLASH_IRQHandler                         0x080001bb   Thumb Code     0  startup_stm32f407xx.o(.text)
    FMC_IRQHandler                           0x080001bb   Thumb Code     0  startup_stm32f407xx.o(.text)
    FPU_IRQHandler                           0x080001bb   Thumb Code     0  startup_stm32f407xx.o(.text)
    HASH_RNG_IRQHandler                      0x080001bb   Thumb Code     0  startup_stm32f407xx.o(.text)
    I2C1_ER_IRQHandler                       0x080001bb   Thumb Code     0  startup_stm32f407xx.o(.text)
    I2C1_EV_IRQHandler                       0x080001bb   Thumb Code     0  startup_stm32f407xx.o(.text)
    I2C2_ER_IRQHandler                       0x080001bb   Thumb Code     0  startup_stm32f407xx.o(.text)
    I2C2_EV_IRQHandler                       0x080001bb   Thumb Code     0  startup_stm32f407xx.o(.text)
    I2C3_ER_IRQHandler                       0x080001bb   Thumb Code     0  startup_stm32f407xx.o(.text)
    I2C3_EV_IRQHandler                       0x080001bb   Thumb Code     0  startup_stm32f407xx.o(.text)
    OTG_FS_IRQHandler                        0x080001bb   Thumb Code     0  startup_stm32f407xx.o(.text)
    OTG_FS_WKUP_IRQHandler                   0x080001bb   Thumb Code     0  startup_stm32f407xx.o(.text)
    OTG_HS_EP1_IN_IRQHandler                 0x080001bb   Thumb Code     0  startup_stm32f407xx.o(.text)
    OTG_HS_EP1_OUT_IRQHandler                0x080001bb   Thumb Code     0  startup_stm32f407xx.o(.text)
    OTG_HS_IRQHandler                        0x080001bb   Thumb Code     0  startup_stm32f407xx.o(.text)
    OTG_HS_WKUP_IRQHandler                   0x080001bb   Thumb Code     0  startup_stm32f407xx.o(.text)
    PVD_IRQHandler                           0x080001bb   Thumb Code     0  startup_stm32f407xx.o(.text)
    RCC_IRQHandler                           0x080001bb   Thumb Code     0  startup_stm32f407xx.o(.text)
    RTC_Alarm_IRQHandler                     0x080001bb   Thumb Code     0  startup_stm32f407xx.o(.text)
    RTC_WKUP_IRQHandler                      0x080001bb   Thumb Code     0  startup_stm32f407xx.o(.text)
    SDIO_IRQHandler                          0x080001bb   Thumb Code     0  startup_stm32f407xx.o(.text)
    SPI1_IRQHandler                          0x080001bb   Thumb Code     0  startup_stm32f407xx.o(.text)
    SPI3_IRQHandler                          0x080001bb   Thumb Code     0  startup_stm32f407xx.o(.text)
    TAMP_STAMP_IRQHandler                    0x080001bb   Thumb Code     0  startup_stm32f407xx.o(.text)
    TIM1_BRK_TIM9_IRQHandler                 0x080001bb   Thumb Code     0  startup_stm32f407xx.o(.text)
    TIM1_CC_IRQHandler                       0x080001bb   Thumb Code     0  startup_stm32f407xx.o(.text)
    TIM1_TRG_COM_TIM11_IRQHandler            0x080001bb   Thumb Code     0  startup_stm32f407xx.o(.text)
    TIM1_UP_TIM10_IRQHandler                 0x080001bb   Thumb Code     0  startup_stm32f407xx.o(.text)
    TIM2_IRQHandler                          0x080001bb   Thumb Code     0  startup_stm32f407xx.o(.text)
    TIM3_IRQHandler                          0x080001bb   Thumb Code     0  startup_stm32f407xx.o(.text)
    TIM4_IRQHandler                          0x080001bb   Thumb Code     0  startup_stm32f407xx.o(.text)
    TIM5_IRQHandler                          0x080001bb   Thumb Code     0  startup_stm32f407xx.o(.text)
    TIM6_DAC_IRQHandler                      0x080001bb   Thumb Code     0  startup_stm32f407xx.o(.text)
    TIM7_IRQHandler                          0x080001bb   Thumb Code     0  startup_stm32f407xx.o(.text)
    TIM8_BRK_TIM12_IRQHandler                0x080001bb   Thumb Code     0  startup_stm32f407xx.o(.text)
    TIM8_CC_IRQHandler                       0x080001bb   Thumb Code     0  startup_stm32f407xx.o(.text)
    TIM8_TRG_COM_TIM14_IRQHandler            0x080001bb   Thumb Code     0  startup_stm32f407xx.o(.text)
    TIM8_UP_TIM13_IRQHandler                 0x080001bb   Thumb Code     0  startup_stm32f407xx.o(.text)
    UART4_IRQHandler                         0x080001bb   Thumb Code     0  startup_stm32f407xx.o(.text)
    UART5_IRQHandler                         0x080001bb   Thumb Code     0  startup_stm32f407xx.o(.text)
    USART1_IRQHandler                        0x080001bb   Thumb Code     0  startup_stm32f407xx.o(.text)
    USART2_IRQHandler                        0x080001bb   Thumb Code     0  startup_stm32f407xx.o(.text)
    USART3_IRQHandler                        0x080001bb   Thumb Code     0  startup_stm32f407xx.o(.text)
    USART6_IRQHandler                        0x080001bb   Thumb Code     0  startup_stm32f407xx.o(.text)
    WWDG_IRQHandler                          0x080001bb   Thumb Code     0  startup_stm32f407xx.o(.text)
    __aeabi_uldivmod                         0x080001c5   Thumb Code    98  uldiv.o(.text)
    __aeabi_memcpy                           0x08000227   Thumb Code    36  memcpya.o(.text)
    __aeabi_memcpy4                          0x08000227   Thumb Code     0  memcpya.o(.text)
    __aeabi_memcpy8                          0x08000227   Thumb Code     0  memcpya.o(.text)
    __aeabi_memset                           0x0800024b   Thumb Code    14  memseta.o(.text)
    __aeabi_memset4                          0x0800024b   Thumb Code     0  memseta.o(.text)
    __aeabi_memset8                          0x0800024b   Thumb Code     0  memseta.o(.text)
    __aeabi_memclr                           0x08000259   Thumb Code     4  memseta.o(.text)
    __aeabi_memclr4                          0x08000259   Thumb Code     0  memseta.o(.text)
    __aeabi_memclr8                          0x08000259   Thumb Code     0  memseta.o(.text)
    _memset$wrapper                          0x0800025d   Thumb Code    18  memseta.o(.text)
    __aeabi_llsl                             0x0800026f   Thumb Code    30  llshl.o(.text)
    _ll_shift_l                              0x0800026f   Thumb Code     0  llshl.o(.text)
    __aeabi_llsr                             0x0800028d   Thumb Code    32  llushr.o(.text)
    _ll_ushift_r                             0x0800028d   Thumb Code     0  llushr.o(.text)
    __I$use$fp                               0x080002ad   Thumb Code     0  iusefp.o(.text)
    _frnd                                    0x080002ad   Thumb Code    60  frnd.o(.text)
    __fp_status                              0x080002e9   Thumb Code     4  fpstat.o(.text)
    __ieee_status                            0x080002e9   Thumb Code     0  fpstat.o(.text)
    __scatterload                            0x080002ed   Thumb Code    28  init.o(.text)
    __scatterload_rt2                        0x080002ed   Thumb Code     0  init.o(.text)
    _float_round                             0x08000311   Thumb Code    18  fepilogue.o(.text)
    _float_epilogue                          0x08000323   Thumb Code    92  fepilogue.o(.text)
    __decompress                             0x0800037f   Thumb Code     0  __dclz77c.o(.text)
    __decompress2                            0x0800037f   Thumb Code    94  __dclz77c.o(.text)
    BusFault_Handler                         0x080003dd   Thumb Code     2  stm32f4xx_it.o(i.BusFault_Handler)
    CRC_Lock                                 0x080003e1   Thumb Code    82  stm32_crc_lock.o(i.CRC_Lock)
    CS43_Enable_RightLeft                    0x0800044d   Thumb Code    50  cs43l22.o(i.CS43_Enable_RightLeft)
    CS43_Init                                0x08000485   Thumb Code   332  cs43l22.o(i.CS43_Init)
    CS43_SetVolume                           0x080005e1   Thumb Code    74  cs43l22.o(i.CS43_SetVolume)
    CS43_Start                               0x08000631   Thumb Code   102  cs43l22.o(i.CS43_Start)
    DMA1_Stream5_IRQHandler                  0x08002449   Thumb Code     6  stm32f4xx_it.o(i.DMA1_Stream5_IRQHandler)
    DebugMon_Handler                         0x080024f9   Thumb Code     2  stm32f4xx_it.o(i.DebugMon_Handler)
    Error_Handler                            0x080024fb   Thumb Code     2  main.o(i.Error_Handler)
    HAL_CRC_Init                             0x080024fd   Thumb Code    34  stm32f4xx_hal_crc.o(i.HAL_CRC_Init)
    HAL_CRC_MspInit                          0x08002521   Thumb Code    30  stm32f4xx_hal_msp.o(i.HAL_CRC_MspInit)
    HAL_DMA_IRQHandler                       0x08002549   Thumb Code   412  stm32f4xx_hal_dma.o(i.HAL_DMA_IRQHandler)
    HAL_DMA_Init                             0x080026e9   Thumb Code   206  stm32f4xx_hal_dma.o(i.HAL_DMA_Init)
    HAL_DMA_Start_IT                         0x080027bd   Thumb Code   110  stm32f4xx_hal_dma.o(i.HAL_DMA_Start_IT)
    HAL_GPIO_Init                            0x0800282d   Thumb Code   394  stm32f4xx_hal_gpio.o(i.HAL_GPIO_Init)
    HAL_GPIO_WritePin                        0x080029e5   Thumb Code    10  stm32f4xx_hal_gpio.o(i.HAL_GPIO_WritePin)
    HAL_GetTick                              0x080029f1   Thumb Code     6  stm32f4xx_hal.o(i.HAL_GetTick)
    HAL_I2C_Init                             0x080029fd   Thumb Code   376  stm32f4xx_hal_i2c.o(i.HAL_I2C_Init)
    HAL_I2C_Master_Receive                   0x08002b85   Thumb Code   468  stm32f4xx_hal_i2c.o(i.HAL_I2C_Master_Receive)
    HAL_I2C_Master_Transmit                  0x08002d65   Thumb Code   290  stm32f4xx_hal_i2c.o(i.HAL_I2C_Master_Transmit)
    HAL_I2C_MspInit                          0x08002e91   Thumb Code    94  stm32f4xx_hal_msp.o(i.HAL_I2C_MspInit)
    HAL_I2SEx_FullDuplex_IRQHandler          0x08002efd   Thumb Code   492  stm32f4xx_hal_i2s_ex.o(i.HAL_I2SEx_FullDuplex_IRQHandler)
    HAL_I2SEx_TxRxCpltCallback               0x080030f1   Thumb Code     2  stm32f4xx_hal_i2s_ex.o(i.HAL_I2SEx_TxRxCpltCallback)
    HAL_I2S_ErrorCallback                    0x080030f3   Thumb Code     2  stm32f4xx_hal_i2s.o(i.HAL_I2S_ErrorCallback)
    HAL_I2S_IRQHandler                       0x080030f5   Thumb Code     4  stm32f4xx_hal_i2s.o(i.HAL_I2S_IRQHandler)
    HAL_I2S_Init                             0x080030f9   Thumb Code   354  stm32f4xx_hal_i2s.o(i.HAL_I2S_Init)
    HAL_I2S_MspInit                          0x0800326d   Thumb Code   292  stm32f4xx_hal_msp.o(i.HAL_I2S_MspInit)
    HAL_I2S_Receive_IT                       0x080033b1   Thumb Code   118  stm32f4xx_hal_i2s.o(i.HAL_I2S_Receive_IT)
    HAL_I2S_RxCpltCallback                   0x08003429   Thumb Code    18  main.o(i.HAL_I2S_RxCpltCallback)
    HAL_I2S_Transmit_DMA                     0x08003445   Thumb Code   180  stm32f4xx_hal_i2s.o(i.HAL_I2S_Transmit_DMA)
    HAL_I2S_TxCpltCallback                   0x08003505   Thumb Code     2  stm32f4xx_hal_i2s.o(i.HAL_I2S_TxCpltCallback)
    HAL_I2S_TxHalfCpltCallback               0x08003507   Thumb Code     2  stm32f4xx_hal_i2s.o(i.HAL_I2S_TxHalfCpltCallback)
    HAL_IncTick                              0x08003509   Thumb Code    12  stm32f4xx_hal.o(i.HAL_IncTick)
    HAL_Init                                 0x08003519   Thumb Code    48  stm32f4xx_hal.o(i.HAL_Init)
    HAL_InitTick                             0x0800354d   Thumb Code    54  stm32f4xx_hal.o(i.HAL_InitTick)
    HAL_MspInit                              0x0800358d   Thumb Code    42  stm32f4xx_hal_msp.o(i.HAL_MspInit)
    HAL_NVIC_EnableIRQ                       0x080035bd   Thumb Code    26  stm32f4xx_hal_cortex.o(i.HAL_NVIC_EnableIRQ)
    HAL_NVIC_SetPriority                     0x080035d9   Thumb Code    60  stm32f4xx_hal_cortex.o(i.HAL_NVIC_SetPriority)
    HAL_NVIC_SetPriorityGrouping             0x08003619   Thumb Code    26  stm32f4xx_hal_cortex.o(i.HAL_NVIC_SetPriorityGrouping)
    HAL_RCCEx_GetPeriphCLKFreq               0x0800363d   Thumb Code    76  stm32f4xx_hal_rcc_ex.o(i.HAL_RCCEx_GetPeriphCLKFreq)
    HAL_RCCEx_PeriphCLKConfig                0x08003699   Thumb Code   296  stm32f4xx_hal_rcc_ex.o(i.HAL_RCCEx_PeriphCLKConfig)
    HAL_RCC_ClockConfig                      0x080037d5   Thumb Code   288  stm32f4xx_hal_rcc.o(i.HAL_RCC_ClockConfig)
    HAL_RCC_GetPCLK1Freq                     0x08003909   Thumb Code    20  stm32f4xx_hal_rcc.o(i.HAL_RCC_GetPCLK1Freq)
    HAL_RCC_GetSysClockFreq                  0x08003929   Thumb Code    88  stm32f4xx_hal_rcc.o(i.HAL_RCC_GetSysClockFreq)
    HAL_RCC_OscConfig                        0x08003989   Thumb Code   840  stm32f4xx_hal_rcc.o(i.HAL_RCC_OscConfig)
    HAL_SYSTICK_Config                       0x08003ce5   Thumb Code    40  stm32f4xx_hal_cortex.o(i.HAL_SYSTICK_Config)
    HardFault_Handler                        0x08003d0d   Thumb Code     2  stm32f4xx_it.o(i.HardFault_Handler)
    MX_PDM2PCM_Init                          0x08004355   Thumb Code    50  pdm2pcm.o(i.MX_PDM2PCM_Init)
    MemManage_Handler                        0x08004395   Thumb Code     2  stm32f4xx_it.o(i.MemManage_Handler)
    NMI_Handler                              0x08004397   Thumb Code     2  stm32f4xx_it.o(i.NMI_Handler)
    PDM_Filter                               0x08004399   Thumb Code    40  pdm_filter.o(i.PDM_Filter)
    PDM_Filter_Init                          0x080043c5   Thumb Code   280  pdm_filter.o(i.PDM_Filter_Init)
    PDM_Filter_setConfig                     0x080044f1   Thumb Code   442  pdm_filter.o(i.PDM_Filter_setConfig)
    PendSV_Handler                           0x08004701   Thumb Code     2  stm32f4xx_it.o(i.PendSV_Handler)
    SPI2_IRQHandler                          0x08004705   Thumb Code     6  stm32f4xx_it.o(i.SPI2_IRQHandler)
    SVC_Handler                              0x08004711   Thumb Code     2  stm32f4xx_it.o(i.SVC_Handler)
    SysTick_Handler                          0x08004713   Thumb Code     4  stm32f4xx_it.o(i.SysTick_Handler)
    SystemClock_Config                       0x08004719   Thumb Code   144  main.o(i.SystemClock_Config)
    SystemInit                               0x080047b1   Thumb Code    22  system_stm32f4xx.o(i.SystemInit)
    UsageFault_Handler                       0x080047cd   Thumb Code     2  stm32f4xx_it.o(i.UsageFault_Handler)
    __ARM_fpclassifyf                        0x080047cf   Thumb Code    38  fpclassifyf.o(i.__ARM_fpclassifyf)
    __hardfp_powf                            0x08004815   Thumb Code  1606  powf.o(i.__hardfp_powf)
    __mathlib_powf                           0x08004815   Thumb Code     0  powf.o(i.__hardfp_powf)
    __hardfp_roundf                          0x08004e79   Thumb Code   154  roundf.o(i.__hardfp_roundf)
    __mathlib_flt_divzero                    0x08004f15   Thumb Code    14  funder.o(i.__mathlib_flt_divzero)
    __mathlib_flt_infnan2                    0x08004f29   Thumb Code     6  funder.o(i.__mathlib_flt_infnan2)
    __mathlib_flt_invalid                    0x08004f31   Thumb Code    10  funder.o(i.__mathlib_flt_invalid)
    __mathlib_flt_overflow                   0x08004f41   Thumb Code    10  funder.o(i.__mathlib_flt_overflow)
    __mathlib_flt_underflow                  0x08004f51   Thumb Code    10  funder.o(i.__mathlib_flt_underflow)
    __scatterload_copy                       0x08004f61   Thumb Code    14  handlers.o(i.__scatterload_copy)
    __scatterload_null                       0x08004f6f   Thumb Code     2  handlers.o(i.__scatterload_null)
    __scatterload_zeroinit                   0x08004f71   Thumb Code    14  handlers.o(i.__scatterload_zeroinit)
    __set_errno                              0x08004f81   Thumb Code     6  errno.o(i.__set_errno)
    main                                     0x08004f8d   Thumb Code   376  main.o(i.main)
    AHBPrescTable                            0x08005184   Data          16  system_stm32f4xx.o(.constdata)
    APBPrescTable                            0x08005194   Data           8  system_stm32f4xx.o(.constdata)
    Region$$Table$$Base                      0x080052dc   Number         0  anon$$obj.o(Region$$Table)
    Region$$Table$$Limit                     0x080052fc   Number         0  anon$$obj.o(Region$$Table)
    i2s_rx_cplt                              0x20000004   Data           1  main.o(.data)
    i2s_rx_half_cplt                         0x20000005   Data           1  main.o(.data)
    hcrc                                     0x20000008   Data           8  main.o(.data)
    PDM1_filter_config                       0x20000010   Data           6  pdm2pcm.o(.data)
    uwTickFreq                               0x20000018   Data           1  stm32f4xx_hal.o(.data)
    uwTickPrio                               0x2000001c   Data           4  stm32f4xx_hal.o(.data)
    uwTick                                   0x20000020   Data           4  stm32f4xx_hal.o(.data)
    SystemCoreClock                          0x20000024   Data           4  system_stm32f4xx.o(.data)
    hi2c1                                    0x20000484   Data          84  main.o(.bss)
    hi2s2                                    0x200004d8   Data          72  main.o(.bss)
    hi2s3                                    0x20000520   Data          72  main.o(.bss)
    pdm_buf                                  0x20000568   Data          64  main.o(.bss)
    pcm_buf                                  0x200005a8   Data          16  main.o(.bss)
    pcm_tx_buf                               0x200005b8   Data          32  main.o(.bss)
    hdma_spi3_tx                             0x200005d8   Data          96  main.o(.bss)
    PDM1_filter_handler                      0x20000638   Data          76  pdm2pcm.o(.bss)
    __initial_sp                             0x20000a88   Data           0  startup_stm32f407xx.o(STACK)



==============================================================================

Memory Map of the image

  Image Entry point : 0x08000189

  Load Region LR_IROM1 (Base: 0x08000000, Size: 0x0000572c, Max: 0x00100000, ABSOLUTE, COMPRESSED[0x00005700])

    Execution Region ER_IROM1 (Exec base: 0x08000000, Load base: 0x08000000, Size: 0x000052fc, Max: 0x00100000, ABSOLUTE)

    Exec Addr    Load Addr    Size         Type   Attr      Idx    E Section Name        Object

    0x08000000   0x08000000   0x00000188   Data   RO            3    RESET               startup_stm32f407xx.o
    0x08000188   0x08000188   0x00000000   Code   RO         2466  * .ARM.Collect$$$$00000000  mc_w.l(entry.o)
    0x08000188   0x08000188   0x00000004   Code   RO         2493    .ARM.Collect$$$$00000001  mc_w.l(entry2.o)
    0x0800018c   0x0800018c   0x00000004   Code   RO         2496    .ARM.Collect$$$$00000004  mc_w.l(entry5.o)
    0x08000190   0x08000190   0x00000000   Code   RO         2498    .ARM.Collect$$$$00000008  mc_w.l(entry7b.o)
    0x08000190   0x08000190   0x00000000   Code   RO         2500    .ARM.Collect$$$$0000000A  mc_w.l(entry8b.o)
    0x08000190   0x08000190   0x00000008   Code   RO         2501    .ARM.Collect$$$$0000000B  mc_w.l(entry9a.o)
    0x08000198   0x08000198   0x00000000   Code   RO         2503    .ARM.Collect$$$$0000000D  mc_w.l(entry10a.o)
    0x08000198   0x08000198   0x00000000   Code   RO         2505    .ARM.Collect$$$$0000000F  mc_w.l(entry11a.o)
    0x08000198   0x08000198   0x00000004   Code   RO         2494    .ARM.Collect$$$$00002712  mc_w.l(entry2.o)
    0x0800019c   0x0800019c   0x00000004   Code   RO         2403    .rev16_text         libPDMFilter_CM4_Keil_wc16.lib(pdm_filter.o)
    0x080001a0   0x080001a0   0x00000024   Code   RO            4    .text               startup_stm32f407xx.o
    0x080001c4   0x080001c4   0x00000062   Code   RO         2469    .text               mc_w.l(uldiv.o)
    0x08000226   0x08000226   0x00000024   Code   RO         2471    .text               mc_w.l(memcpya.o)
    0x0800024a   0x0800024a   0x00000024   Code   RO         2473    .text               mc_w.l(memseta.o)
    0x0800026e   0x0800026e   0x0000001e   Code   RO         2507    .text               mc_w.l(llshl.o)
    0x0800028c   0x0800028c   0x00000020   Code   RO         2509    .text               mc_w.l(llushr.o)
    0x080002ac   0x080002ac   0x00000000   Code   RO         2518    .text               mc_w.l(iusefp.o)
    0x080002ac   0x080002ac   0x0000003c   Code   RO         2519    .text               mf_w.l(frnd.o)
    0x080002e8   0x080002e8   0x00000004   Code   RO         2521    .text               mf_w.l(fpstat.o)
    0x080002ec   0x080002ec   0x00000024   Code   RO         2523    .text               mc_w.l(init.o)
    0x08000310   0x08000310   0x0000006e   Code   RO         2525    .text               mf_w.l(fepilogue.o)
    0x0800037e   0x0800037e   0x0000005e   Code   RO         2535    .text               mc_w.l(__dclz77c.o)
    0x080003dc   0x080003dc   0x00000002   Code   RO          246    i.BusFault_Handler  stm32f4xx_it.o
    0x080003de   0x080003de   0x00000002   PAD
    0x080003e0   0x080003e0   0x0000006c   Code   RO         2446    i.CRC_Lock          libPDMFilter_CM4_Keil_wc16.lib(stm32_crc_lock.o)
    0x0800044c   0x0800044c   0x00000038   Code   RO           13    i.CS43_Enable_RightLeft  cs43l22.o
    0x08000484   0x08000484   0x0000015c   Code   RO           14    i.CS43_Init         cs43l22.o
    0x080005e0   0x080005e0   0x00000050   Code   RO           15    i.CS43_SetVolume    cs43l22.o
    0x08000630   0x08000630   0x0000006c   Code   RO           16    i.CS43_Start        cs43l22.o
    0x0800069c   0x0800069c   0x000003a4   Code   RO         2406    i.D128_1CH_HTONS_VOL_HP  libPDMFilter_CM4_Keil_wc16.lib(pdm_filter.o)
    0x08000a40   0x08000a40   0x00000464   Code   RO         2407    i.D128_GENERIC      libPDMFilter_CM4_Keil_wc16.lib(pdm_filter.o)
    0x08000ea4   0x08000ea4   0x000000e4   Code   RO         2408    i.D16_1CH_HTONS_VOL_HP  libPDMFilter_CM4_Keil_wc16.lib(pdm_filter.o)
    0x08000f88   0x08000f88   0x00000110   Code   RO         2409    i.D16_GENERIC       libPDMFilter_CM4_Keil_wc16.lib(pdm_filter.o)
    0x08001098   0x08001098   0x00000144   Code   RO         2410    i.D24_1CH_HTONS_VOL_HP  libPDMFilter_CM4_Keil_wc16.lib(pdm_filter.o)
    0x080011dc   0x080011dc   0x00000184   Code   RO         2411    i.D24_GENERIC       libPDMFilter_CM4_Keil_wc16.lib(pdm_filter.o)
    0x08001360   0x08001360   0x0000014c   Code   RO         2412    i.D32_1CH_HTONS_VOL_HP  libPDMFilter_CM4_Keil_wc16.lib(pdm_filter.o)
    0x080014ac   0x080014ac   0x00000188   Code   RO         2413    i.D32_GENERIC       libPDMFilter_CM4_Keil_wc16.lib(pdm_filter.o)
    0x08001634   0x08001634   0x000001c8   Code   RO         2414    i.D48_1CH_HTONS_VOL_HP  libPDMFilter_CM4_Keil_wc16.lib(pdm_filter.o)
    0x080017fc   0x080017fc   0x0000021c   Code   RO         2415    i.D48_GENERIC       libPDMFilter_CM4_Keil_wc16.lib(pdm_filter.o)
    0x08001a18   0x08001a18   0x00000224   Code   RO         2416    i.D64_1CH_HTONS_VOL_HP  libPDMFilter_CM4_Keil_wc16.lib(pdm_filter.o)
    0x08001c3c   0x08001c3c   0x00000254   Code   RO         2417    i.D64_GENERIC       libPDMFilter_CM4_Keil_wc16.lib(pdm_filter.o)
    0x08001e90   0x08001e90   0x00000298   Code   RO         2418    i.D80_1CH_HTONS_VOL_HP  libPDMFilter_CM4_Keil_wc16.lib(pdm_filter.o)
    0x08002128   0x08002128   0x00000320   Code   RO         2419    i.D80_GENERIC       libPDMFilter_CM4_Keil_wc16.lib(pdm_filter.o)
    0x08002448   0x08002448   0x0000000c   Code   RO          247    i.DMA1_Stream5_IRQHandler  stm32f4xx_it.o
    0x08002454   0x08002454   0x00000028   Code   RO          951    i.DMA_CalcBaseAndBitshift  stm32f4xx_hal_dma.o
    0x0800247c   0x0800247c   0x00000054   Code   RO          952    i.DMA_CheckFifoParam  stm32f4xx_hal_dma.o
    0x080024d0   0x080024d0   0x00000028   Code   RO          953    i.DMA_SetConfig     stm32f4xx_hal_dma.o
    0x080024f8   0x080024f8   0x00000002   Code   RO          248    i.DebugMon_Handler  stm32f4xx_it.o
    0x080024fa   0x080024fa   0x00000002   Code   RO          178    i.Error_Handler     main.o
    0x080024fc   0x080024fc   0x00000022   Code   RO          436    i.HAL_CRC_Init      stm32f4xx_hal_crc.o
    0x0800251e   0x0800251e   0x00000002   PAD
    0x08002520   0x08002520   0x00000028   Code   RO          335    i.HAL_CRC_MspInit   stm32f4xx_hal_msp.o
    0x08002548   0x08002548   0x000001a0   Code   RO          959    i.HAL_DMA_IRQHandler  stm32f4xx_hal_dma.o
    0x080026e8   0x080026e8   0x000000d4   Code   RO          960    i.HAL_DMA_Init      stm32f4xx_hal_dma.o
    0x080027bc   0x080027bc   0x0000006e   Code   RO          964    i.HAL_DMA_Start_IT  stm32f4xx_hal_dma.o
    0x0800282a   0x0800282a   0x00000002   PAD
    0x0800282c   0x0800282c   0x000001b8   Code   RO          847    i.HAL_GPIO_Init     stm32f4xx_hal_gpio.o
    0x080029e4   0x080029e4   0x0000000a   Code   RO          851    i.HAL_GPIO_WritePin  stm32f4xx_hal_gpio.o
    0x080029ee   0x080029ee   0x00000002   PAD
    0x080029f0   0x080029f0   0x0000000c   Code   RO         1379    i.HAL_GetTick       stm32f4xx_hal.o
    0x080029fc   0x080029fc   0x00000188   Code   RO         1635    i.HAL_I2C_Init      stm32f4xx_hal_i2c.o
    0x08002b84   0x08002b84   0x000001e0   Code   RO         1641    i.HAL_I2C_Master_Receive  stm32f4xx_hal_i2c.o
    0x08002d64   0x08002d64   0x0000012c   Code   RO         1648    i.HAL_I2C_Master_Transmit  stm32f4xx_hal_i2c.o
    0x08002e90   0x08002e90   0x0000006c   Code   RO          337    i.HAL_I2C_MspInit   stm32f4xx_hal_msp.o
    0x08002efc   0x08002efc   0x000001f4   Code   RO         2248    i.HAL_I2SEx_FullDuplex_IRQHandler  stm32f4xx_hal_i2s_ex.o
    0x080030f0   0x080030f0   0x00000002   Code   RO         2252    i.HAL_I2SEx_TxRxCpltCallback  stm32f4xx_hal_i2s_ex.o
    0x080030f2   0x080030f2   0x00000002   Code   RO         2073    i.HAL_I2S_ErrorCallback  stm32f4xx_hal_i2s.o
    0x080030f4   0x080030f4   0x00000004   Code   RO         2076    i.HAL_I2S_IRQHandler  stm32f4xx_hal_i2s.o
    0x080030f8   0x080030f8   0x00000174   Code   RO         2077    i.HAL_I2S_Init      stm32f4xx_hal_i2s.o
    0x0800326c   0x0800326c   0x00000144   Code   RO          339    i.HAL_I2S_MspInit   stm32f4xx_hal_msp.o
    0x080033b0   0x080033b0   0x00000076   Code   RO         2082    i.HAL_I2S_Receive_IT  stm32f4xx_hal_i2s.o
    0x08003426   0x08003426   0x00000002   PAD
    0x08003428   0x08003428   0x0000001c   Code   RO          179    i.HAL_I2S_RxCpltCallback  main.o
    0x08003444   0x08003444   0x000000c0   Code   RO         2086    i.HAL_I2S_Transmit_DMA  stm32f4xx_hal_i2s.o
    0x08003504   0x08003504   0x00000002   Code   RO         2088    i.HAL_I2S_TxCpltCallback  stm32f4xx_hal_i2s.o
    0x08003506   0x08003506   0x00000002   Code   RO         2089    i.HAL_I2S_TxHalfCpltCallback  stm32f4xx_hal_i2s.o
    0x08003508   0x08003508   0x00000010   Code   RO         1385    i.HAL_IncTick       stm32f4xx_hal.o
    0x08003518   0x08003518   0x00000034   Code   RO         1386    i.HAL_Init          stm32f4xx_hal.o
    0x0800354c   0x0800354c   0x00000040   Code   RO         1387    i.HAL_InitTick      stm32f4xx_hal.o
    0x0800358c   0x0800358c   0x00000030   Code   RO          340    i.HAL_MspInit       stm32f4xx_hal_msp.o
    0x080035bc   0x080035bc   0x0000001a   Code   RO         1236    i.HAL_NVIC_EnableIRQ  stm32f4xx_hal_cortex.o
    0x080035d6   0x080035d6   0x00000002   PAD
    0x080035d8   0x080035d8   0x00000040   Code   RO         1242    i.HAL_NVIC_SetPriority  stm32f4xx_hal_cortex.o
    0x08003618   0x08003618   0x00000024   Code   RO         1243    i.HAL_NVIC_SetPriorityGrouping  stm32f4xx_hal_cortex.o
    0x0800363c   0x0800363c   0x0000005c   Code   RO          597    i.HAL_RCCEx_GetPeriphCLKFreq  stm32f4xx_hal_rcc_ex.o
    0x08003698   0x08003698   0x0000013c   Code   RO          598    i.HAL_RCCEx_PeriphCLKConfig  stm32f4xx_hal_rcc_ex.o
    0x080037d4   0x080037d4   0x00000134   Code   RO          493    i.HAL_RCC_ClockConfig  stm32f4xx_hal_rcc.o
    0x08003908   0x08003908   0x00000020   Code   RO          500    i.HAL_RCC_GetPCLK1Freq  stm32f4xx_hal_rcc.o
    0x08003928   0x08003928   0x00000060   Code   RO          502    i.HAL_RCC_GetSysClockFreq  stm32f4xx_hal_rcc.o
    0x08003988   0x08003988   0x0000035c   Code   RO          505    i.HAL_RCC_OscConfig  stm32f4xx_hal_rcc.o
    0x08003ce4   0x08003ce4   0x00000028   Code   RO         1247    i.HAL_SYSTICK_Config  stm32f4xx_hal_cortex.o
    0x08003d0c   0x08003d0c   0x00000002   Code   RO          249    i.HardFault_Handler  stm32f4xx_it.o
    0x08003d0e   0x08003d0e   0x0000002e   Code   RO         1677    i.I2C_IsAcknowledgeFailed  stm32f4xx_hal_i2c.o
    0x08003d3c   0x08003d3c   0x000000ec   Code   RO         1680    i.I2C_MasterRequestRead  stm32f4xx_hal_i2c.o
    0x08003e28   0x08003e28   0x0000009c   Code   RO         1681    i.I2C_MasterRequestWrite  stm32f4xx_hal_i2c.o
    0x08003ec4   0x08003ec4   0x0000004c   Code   RO         1691    i.I2C_WaitOnBTFFlagUntilTimeout  stm32f4xx_hal_i2c.o
    0x08003f10   0x08003f10   0x00000068   Code   RO         1692    i.I2C_WaitOnFlagUntilTimeout  stm32f4xx_hal_i2c.o
    0x08003f78   0x08003f78   0x00000096   Code   RO         1693    i.I2C_WaitOnMasterAddressFlagUntilTimeout  stm32f4xx_hal_i2c.o
    0x0800400e   0x0800400e   0x00000066   Code   RO         1694    i.I2C_WaitOnRXNEFlagUntilTimeout  stm32f4xx_hal_i2c.o
    0x08004074   0x08004074   0x0000004c   Code   RO         1695    i.I2C_WaitOnTXEFlagUntilTimeout  stm32f4xx_hal_i2c.o
    0x080040c0   0x080040c0   0x00000060   Code   RO         2255    i.I2SEx_RxISR_I2SExt  stm32f4xx_hal_i2s_ex.o
    0x08004120   0x08004120   0x00000060   Code   RO         2256    i.I2SEx_TxISR_I2SExt  stm32f4xx_hal_i2s_ex.o
    0x08004180   0x08004180   0x00000028   Code   RO         2090    i.I2S_DMAError      stm32f4xx_hal_i2s.o
    0x080041a8   0x080041a8   0x00000024   Code   RO         2093    i.I2S_DMATxCplt     stm32f4xx_hal_i2s.o
    0x080041cc   0x080041cc   0x0000000a   Code   RO         2094    i.I2S_DMATxHalfCplt  stm32f4xx_hal_i2s.o
    0x080041d6   0x080041d6   0x000000f2   Code   RO         2095    i.I2S_IRQHandler    stm32f4xx_hal_i2s.o
    0x080042c8   0x080042c8   0x0000008c   Code   RO          181    i.MX_GPIO_Init      main.o
    0x08004354   0x08004354   0x00000040   Code   RO          395    i.MX_PDM2PCM_Init   pdm2pcm.o
    0x08004394   0x08004394   0x00000002   Code   RO          250    i.MemManage_Handler  stm32f4xx_it.o
    0x08004396   0x08004396   0x00000002   Code   RO          251    i.NMI_Handler       stm32f4xx_it.o
    0x08004398   0x08004398   0x0000002c   Code   RO         2420    i.PDM_Filter        libPDMFilter_CM4_Keil_wc16.lib(pdm_filter.o)
    0x080043c4   0x080043c4   0x0000012c   Code   RO         2421    i.PDM_Filter_Init   libPDMFilter_CM4_Keil_wc16.lib(pdm_filter.o)
    0x080044f0   0x080044f0   0x00000210   Code   RO         2423    i.PDM_Filter_setConfig  libPDMFilter_CM4_Keil_wc16.lib(pdm_filter.o)
    0x08004700   0x08004700   0x00000002   Code   RO          252    i.PendSV_Handler    stm32f4xx_it.o
    0x08004702   0x08004702   0x00000002   PAD
    0x08004704   0x08004704   0x0000000c   Code   RO          253    i.SPI2_IRQHandler   stm32f4xx_it.o
    0x08004710   0x08004710   0x00000002   Code   RO          254    i.SVC_Handler       stm32f4xx_it.o
    0x08004712   0x08004712   0x00000004   Code   RO          255    i.SysTick_Handler   stm32f4xx_it.o
    0x08004716   0x08004716   0x00000002   PAD
    0x08004718   0x08004718   0x00000098   Code   RO          182    i.SystemClock_Config  main.o
    0x080047b0   0x080047b0   0x0000001c   Code   RO         2369    i.SystemInit        system_stm32f4xx.o
    0x080047cc   0x080047cc   0x00000002   Code   RO          256    i.UsageFault_Handler  stm32f4xx_it.o
    0x080047ce   0x080047ce   0x00000026   Code   RO         2477    i.__ARM_fpclassifyf  m_wm.l(fpclassifyf.o)
    0x080047f4   0x080047f4   0x00000020   Code   RO         1249    i.__NVIC_SetPriority  stm32f4xx_hal_cortex.o
    0x08004814   0x08004814   0x00000664   Code   RO         2448    i.__hardfp_powf     m_wm.l(powf.o)
    0x08004e78   0x08004e78   0x0000009a   Code   RO         2462    i.__hardfp_roundf   m_wm.l(roundf.o)
    0x08004f12   0x08004f12   0x00000002   PAD
    0x08004f14   0x08004f14   0x00000014   Code   RO         2479    i.__mathlib_flt_divzero  m_wm.l(funder.o)
    0x08004f28   0x08004f28   0x00000006   Code   RO         2481    i.__mathlib_flt_infnan2  m_wm.l(funder.o)
    0x08004f2e   0x08004f2e   0x00000002   PAD
    0x08004f30   0x08004f30   0x00000010   Code   RO         2482    i.__mathlib_flt_invalid  m_wm.l(funder.o)
    0x08004f40   0x08004f40   0x00000010   Code   RO         2483    i.__mathlib_flt_overflow  m_wm.l(funder.o)
    0x08004f50   0x08004f50   0x00000010   Code   RO         2485    i.__mathlib_flt_underflow  m_wm.l(funder.o)
    0x08004f60   0x08004f60   0x0000000e   Code   RO         2529    i.__scatterload_copy  mc_w.l(handlers.o)
    0x08004f6e   0x08004f6e   0x00000002   Code   RO         2530    i.__scatterload_null  mc_w.l(handlers.o)
    0x08004f70   0x08004f70   0x0000000e   Code   RO         2531    i.__scatterload_zeroinit  mc_w.l(handlers.o)
    0x08004f7e   0x08004f7e   0x00000002   PAD
    0x08004f80   0x08004f80   0x0000000c   Code   RO         2513    i.__set_errno       mc_w.l(errno.o)
    0x08004f8c   0x08004f8c   0x0000019c   Code   RO          183    i.main              main.o
    0x08005128   0x08005128   0x00000030   Code   RO           18    i.read_register     cs43l22.o
    0x08005158   0x08005158   0x00000024   Code   RO           19    i.write_register    cs43l22.o
    0x0800517c   0x0800517c   0x00000008   Data   RO          966    .constdata          stm32f4xx_hal_dma.o
    0x08005184   0x08005184   0x00000010   Data   RO         2370    .constdata          system_stm32f4xx.o
    0x08005194   0x08005194   0x00000008   Data   RO         2371    .constdata          system_stm32f4xx.o
    0x0800519c   0x0800519c   0x00000140   Data   RO         2451    .constdata          m_wm.l(powf.o)
    0x080052dc   0x080052dc   0x00000020   Data   RO         2527    Region$$Table       anon$$obj.o


    Execution Region RW_IRAM2 (Exec base: 0x10000000, Load base: 0x08005700, Size: 0x00000000, Max: 0x00010000, ABSOLUTE)

    **** No section assigned to this execution region ****


    Execution Region RW_IRAM1 (Exec base: 0x20000000, Load base: 0x080052fc, Size: 0x00000a88, Max: 0x00020000, ABSOLUTE, COMPRESSED[0x00000404])

    Exec Addr    Load Addr    Size         Type   Attr      Idx    E Section Name        Object

    0x20000000   COMPRESSED   0x00000002   Data   RW           21    .data               cs43l22.o
    0x20000002   COMPRESSED   0x00000002   PAD
    0x20000004   COMPRESSED   0x0000000c   Data   RW          186    .data               main.o
    0x20000010   COMPRESSED   0x00000006   Data   RW          398    .data               pdm2pcm.o
    0x20000016   COMPRESSED   0x00000002   PAD
    0x20000018   COMPRESSED   0x0000000c   Data   RW         1393    .data               stm32f4xx_hal.o
    0x20000024   COMPRESSED   0x00000004   Data   RW         2372    .data               system_stm32f4xx.o
    0x20000028   COMPRESSED   0x00000404   Data   RW         2424    .data               libPDMFilter_CM4_Keil_wc16.lib(pdm_filter.o)
    0x2000042c   COMPRESSED   0x00000004   Data   RW         2514    .data               mc_w.l(errno.o)
    0x20000430        -       0x00000054   Zero   RW           20    .bss                cs43l22.o
    0x20000484        -       0x00000154   Zero   RW          184    .bss                main.o
    0x200005d8        -       0x00000060   Zero   RW          185    .bss                main.o
    0x20000638        -       0x0000004c   Zero   RW          397    .bss                pdm2pcm.o
    0x20000684   COMPRESSED   0x00000004   PAD
    0x20000688        -       0x00000400   Zero   RW            1    STACK               startup_stm32f407xx.o


==============================================================================

Image component sizes


      Code (inc. data)   RO Data    RW Data    ZI Data      Debug   Object Name

       676         52          0          2         84     665678   cs43l22.o
       734         62          0         12        436       5959   main.o
        64         14          0          6         76        835   pdm2pcm.o
        36          8        392          0       1024        844   startup_stm32f407xx.o
       144         24          0         12          0       8821   stm32f4xx_hal.o
       198         14          0          0          0      33983   stm32f4xx_hal_cortex.o
        34          0          0          0          0       1059   stm32f4xx_hal_crc.o
       902         16          8          0          0       5851   stm32f4xx_hal_dma.o
       450         46          0          0          0       2420   stm32f4xx_hal_gpio.o
      2118         50          0          0          0      12646   stm32f4xx_hal_i2c.o
      1020         30          0          0          0       8462   stm32f4xx_hal_i2s.o
       694         24          0          0          0       3779   stm32f4xx_hal_i2s_ex.o
       520         62          0          0          0       3283   stm32f4xx_hal_msp.o
      1296         60          0          0          0       4665   stm32f4xx_hal_rcc.o
       408         36          0          0          0       2293   stm32f4xx_hal_rcc_ex.o
        44         12          0          0          0       5182   stm32f4xx_it.o
        28          6         24          4          0       1179   system_stm32f4xx.o

    ----------------------------------------------------------------------
      9382        516        456         40       1624     766939   Object Totals
         0          0         32          0          0          0   (incl. Generated)
        16          0          0          4          4          0   (incl. Padding)

    ----------------------------------------------------------------------

      Code (inc. data)   RO Data    RW Data    ZI Data      Debug   Library Member Name

      8472        648          0       1028          0       2588   pdm_filter.o
       108         26          0          0          0        116   stm32_crc_lock.o
        38          0          0          0          0        116   fpclassifyf.o
        74         24          0          0          0        580   funder.o
      1636        110        320          0          0        372   powf.o
       154          0          0          0          0        140   roundf.o
        94          0          0          0          0          0   __dclz77c.o
         0          0          0          0          0          0   entry.o
         0          0          0          0          0          0   entry10a.o
         0          0          0          0          0          0   entry11a.o
         8          4          0          0          0          0   entry2.o
         4          0          0          0          0          0   entry5.o
         0          0          0          0          0          0   entry7b.o
         0          0          0          0          0          0   entry8b.o
         8          4          0          0          0          0   entry9a.o
        12          6          0          4          0         68   errno.o
        30          0          0          0          0          0   handlers.o
        36          8          0          0          0         68   init.o
         0          0          0          0          0          0   iusefp.o
        30          0          0          0          0         68   llshl.o
        32          0          0          0          0         68   llushr.o
        36          0          0          0          0         68   memcpya.o
        36          0          0          0          0        108   memseta.o
        98          0          0          0          0         92   uldiv.o
       110          0          0          0          0        168   fepilogue.o
         4          0          0          0          0         68   fpstat.o
        60          0          0          0          0         76   frnd.o

    ----------------------------------------------------------------------
     11086        830        320       1032          0       4764   Library Totals
         6          0          0          0          0          0   (incl. Padding)

    ----------------------------------------------------------------------

      Code (inc. data)   RO Data    RW Data    ZI Data      Debug   Library Name

      8580        674          0       1028          0       2704   libPDMFilter_CM4_Keil_wc16.lib
      1902        134        320          0          0       1208   m_wm.l
       424         22          0          4          0        540   mc_w.l
       174          0          0          0          0        312   mf_w.l

    ----------------------------------------------------------------------
     11086        830        320       1032          0       4764   Library Totals

    ----------------------------------------------------------------------

==============================================================================


      Code (inc. data)   RO Data    RW Data    ZI Data      Debug   

     20468       1346        776       1072       1624     761823   Grand Totals
     20468       1346        776       1028       1624     761823   ELF Image Totals (compressed)
     20468       1346        776       1028          0          0   ROM Totals

==============================================================================

    Total RO  Size (Code + RO Data)                21244 (  20.75kB)
    Total RW  Size (RW Data + ZI Data)              2696 (   2.63kB)
    Total ROM Size (Code + RO Data + RW Data)      22272 (  21.75kB)

==============================================================================

